2025-12-11 10:25:21.316 18765-18765 CameraOrientationUtil   com.rmst.biometrics                  D  getRelativeImageRotation: destRotationDegrees=0, sourceRotationDegrees=90, isOppositeFacing=true, result=90
2025-12-11 10:25:21.512 18765-18765 ROICalculator           com.rmst.biometrics                  D  ✓ Calculated ROI: 54x29px | FingerLength: 28px | Image: 480x640
2025-12-11 10:25:21.513 18765-18765 OverlayView             com.rmst.biometrics                  D  Finger: THUMB | Hand Confidence: 83.53766%
2025-12-11 10:25:21.513 18765-18765 ROICalculator           com.rmst.biometrics                  D  ✓ Calculated ROI: 132x27px | FingerLength: 40px | Image: 480x640
2025-12-11 10:25:21.513 18765-18765 OverlayView             com.rmst.biometrics                  D  Finger: INDEX | Hand Confidence: 83.53766%
2025-12-11 10:25:21.513 18765-18765 ROICalculator           com.rmst.biometrics                  D  ✓ Calculated ROI: 160x22px | FingerLength: 50px | Image: 480x640
2025-12-11 10:25:21.513 18765-18765 OverlayView             com.rmst.biometrics                  D  Finger: MIDDLE | Hand Confidence: 83.53766%
2025-12-11 10:25:21.513 18765-18765 ROICalculator           com.rmst.biometrics                  D  ✓ Calculated ROI: 155x18px | FingerLength: 49px | Image: 480x640
2025-12-11 10:25:21.513 18765-18765 OverlayView             com.rmst.biometrics                  D  Finger: RING | Hand Confidence: 83.53766%
2025-12-11 10:25:21.513 18765-18765 ROICalculator           com.rmst.biometrics                  D  ✓ Calculated ROI: 127x27px | FingerLength: 40px | Image: 480x640
2025-12-11 10:25:21.513 18765-18765 OverlayView             com.rmst.biometrics                  D  Finger: PINKY | Hand Confidence: 83.53766%
2025-12-11 10:25:21.520 18765-18916 UseCaseAttachState      com.rmst.biometrics                  D  Active and attached use case: [androidx.camera.core.ImageCapture-27b3cb97-a5a6-4c2f-9b12-0b99c4657aa079745107, androidx.camera.core.ImageAnalysis-cdb05773-b288-4c4c-bb23-34adb1dbbcf629427778, androidx.camera.core.Preview-5f129e3d-b0e7-4726-85b1-a4f31da7f278108528420] for camera: 0
2025-12-11 10:25:21.535 18765-18765 OverlayView             com.rmst.biometrics                  D  === Overall Quality: 83.53765869140625 | Status: GOOD ===
2025-12-11 10:25:21.538 18765-18916 CaptureSession          com.rmst.biometrics                  D  Attempting to submit CaptureRequest after setting
2025-12-11 10:25:21.538 18765-18916 CaptureSession          com.rmst.biometrics                  D  Issuing request for session.
2025-12-11 10:25:21.541 18765-18916 Camera2Cap...estBuilder com.rmst.biometrics                  D  createCaptureRequest
2025-12-11 10:25:21.548 18765-18916 Camera2CameraImpl       com.rmst.biometrics                  D  {Camera@e60a5ad[id=0]} Issue capture request
2025-12-11 10:25:21.548 18765-18916 CaptureSession          com.rmst.biometrics                  D  Issuing capture request.
2025-12-11 10:25:21.551 18765-18765 ROICalculator           com.rmst.biometrics                  D  ✓ Calculated ROI: 4x69px | FingerLength: 40px | Image: 480x640
2025-12-11 10:25:21.551 18765-18765 OverlayView             com.rmst.biometrics                  D  Finger: THUMB | Hand Confidence: 94.20778%
2025-12-11 10:25:21.551 18765-18765 ROICalculator           com.rmst.biometrics                  D  ✓ Calculated ROI: 164x45px | FingerLength: 46px | Image: 480x640
2025-12-11 10:25:21.551 18765-18765 OverlayView             com.rmst.biometrics                  D  Finger: INDEX | Hand Confidence: 94.20778%
2025-12-11 10:25:21.551 18765-18765 ROICalculator           com.rmst.biometrics                  D  ✓ Calculated ROI: 187x40px | FingerLength: 56px | Image: 480x640
2025-12-11 10:25:21.551 18765-18765 OverlayView             com.rmst.biometrics                  D  Finger: MIDDLE | Hand Confidence: 94.20778%
2025-12-11 10:25:21.551 18765-18765 ROICalculator           com.rmst.biometrics                  D  ✓ Calculated ROI: 158x14px | FingerLength: 47px | Image: 480x640
2025-12-11 10:25:21.551 18765-18765 OverlayView             com.rmst.biometrics                  D  Finger: RING | Hand Confidence: 94.20778%
2025-12-11 10:25:21.551 18765-18765 ROICalculator           com.rmst.biometrics                  D  ✓ Calculated ROI: 137x20px | FingerLength: 42px | Image: 480x640
2025-12-11 10:25:21.551 18765-18765 OverlayView             com.rmst.biometrics                  D  Finger: PINKY | Hand Confidence: 94.20778%
2025-12-11 10:25:21.557 18765-18916 Camera2Cap...estBuilder com.rmst.biometrics                  D  createCaptureRequest
2025-12-11 10:25:21.562 18765-18765 OverlayView             com.rmst.biometrics                  D  === Overall Quality: 94.20777893066406 | Status: GOOD ===
2025-12-11 10:25:21.573 18765-18916 UseCaseAttachState      com.rmst.biometrics                  D  Active and attached use case: [androidx.camera.core.ImageCapture-27b3cb97-a5a6-4c2f-9b12-0b99c4657aa079745107, androidx.camera.core.ImageAnalysis-cdb05773-b288-4c4c-bb23-34adb1dbbcf629427778, androidx.camera.core.Preview-5f129e3d-b0e7-4726-85b1-a4f31da7f278108528420] for camera: 0
2025-12-11 10:25:21.585 18765-18916 CaptureSession          com.rmst.biometrics                  D  Attempting to submit CaptureRequest after setting
2025-12-11 10:25:21.585 18765-18916 CaptureSession          com.rmst.biometrics                  D  Issuing request for session.
2025-12-11 10:25:21.587 18765-18916 Camera2Cap...estBuilder com.rmst.biometrics                  D  createCaptureRequest
2025-12-11 10:25:21.602 18765-18916 Camera2CameraImpl       com.rmst.biometrics                  D  {Camera@e60a5ad[id=0]} Issue capture request
2025-12-11 10:25:21.603 18765-18916 CaptureSession          com.rmst.biometrics                  D  Issuing capture request.
2025-12-11 10:25:21.609 18765-18916 Camera2Cap...estBuilder com.rmst.biometrics                  D  createCaptureRequest
2025-12-11 10:25:21.622 18765-18765 ROICalculator           com.rmst.biometrics                  D  ✓ Calculated ROI: 20x73px | FingerLength: 42px | Image: 480x640
2025-12-11 10:25:21.622 18765-18765 OverlayView             com.rmst.biometrics                  D  Finger: THUMB | Hand Confidence: 94.865944%
2025-12-11 10:25:21.622 18765-18765 ROICalculator           com.rmst.biometrics                  D  ✓ Calculated ROI: 168x48px | FingerLength: 47px | Image: 480x640
2025-12-11 10:25:21.622 18765-18765 OverlayView             com.rmst.biometrics                  D  Finger: INDEX | Hand Confidence: 94.865944%
2025-12-11 10:25:21.622 18765-18765 ROICalculator           com.rmst.biometrics                  D  ✓ Calculated ROI: 185x38px | FingerLength: 55px | Image: 480x640
2025-12-11 10:25:21.622 18765-18765 OverlayView             com.rmst.biometrics                  D  Finger: MIDDLE | Hand Confidence: 94.865944%
2025-12-11 10:25:21.623 18765-18765 ROICalculator           com.rmst.biometrics                  D  ✓ Calculated ROI: 157x12px | FingerLength: 50px | Image: 480x640
2025-12-11 10:25:21.623 18765-18765 OverlayView             com.rmst.biometrics                  D  Finger: RING | Hand Confidence: 94.865944%
2025-12-11 10:25:21.623 18765-18765 ROICalculator           com.rmst.biometrics                  D  ✓ Calculated ROI: 136x18px | FingerLength: 44px | Image: 480x640
2025-12-11 10:25:21.623 18765-18765 OverlayView             com.rmst.biometrics                  D  Finger: PINKY | Hand Confidence: 94.865944%
2025-12-11 10:25:21.629 18765-18765 OverlayView             com.rmst.biometrics                  D  === Overall Quality: 94.8659439086914 | Status: GOOD ===
2025-12-11 10:25:21.680 18765-18765 ROICalculator           com.rmst.biometrics                  D  ✓ Calculated ROI: 19x71px | FingerLength: 43px | Image: 480x640
2025-12-11 10:25:21.681 18765-18765 OverlayView             com.rmst.biometrics                  D  Finger: THUMB | Hand Confidence: 94.16715%
2025-12-11 10:25:21.681 18765-18765 ROICalculator           com.rmst.biometrics                  D  ✓ Calculated ROI: 170x48px | FingerLength: 48px | Image: 480x640
2025-12-11 10:25:21.681 18765-18765 OverlayView             com.rmst.biometrics                  D  Finger: INDEX | Hand Confidence: 94.16715%
2025-12-11 10:25:21.681 18765-18765 ROICalculator           com.rmst.biometrics                  D  ✓ Calculated ROI: 187x39px | FingerLength: 56px | Image: 480x640
2025-12-11 10:25:21.681 18765-18765 OverlayView             com.rmst.biometrics                  D  Finger: MIDDLE | Hand Confidence: 94.16715%
2025-12-11 10:25:21.681 18765-18765 ROICalculator           com.rmst.biometrics                  D  ✓ Calculated ROI: 162x16px | FingerLength: 51px | Image: 480x640
2025-12-11 10:25:21.681 18765-18765 OverlayView             com.rmst.biometrics                  D  Finger: RING | Hand Confidence: 94.16715%
2025-12-11 10:25:21.681 18765-18765 ROICalculator           com.rmst.biometrics                  D  ✓ Calculated ROI: 137x19px | FingerLength: 45px | Image: 480x640
2025-12-11 10:25:21.681 18765-18765 OverlayView             com.rmst.biometrics                  D  Finger: PINKY | Hand Confidence: 94.16715%
2025-12-11 10:25:21.696 18765-18765 OverlayView             com.rmst.biometrics                  D  === Overall Quality: 94.16715240478516 | Status: GOOD ===
2025-12-11 10:25:21.726 18765-18765 ROICalculator           com.rmst.biometrics                  D  ✓ Calculated ROI: 9x76px | FingerLength: 44px | Image: 480x640
2025-12-11 10:25:21.726 18765-18765 OverlayView             com.rmst.biometrics                  D  Finger: THUMB | Hand Confidence: 92.72013%
2025-12-11 10:25:21.726 18765-18765 ROICalculator           com.rmst.biometrics                  D  ✓ Calculated ROI: 177x51px | FingerLength: 50px | Image: 480x640
2025-12-11 10:25:21.726 18765-18765 OverlayView             com.rmst.biometrics                  D  Finger: INDEX | Hand Confidence: 92.72013%
2025-12-11 10:25:21.727 18765-18765 ROICalculator           com.rmst.biometrics                  D  ✓ Calculated ROI: 191x40px | FingerLength: 57px | Image: 480x640
2025-12-11 10:25:21.727 18765-18765 OverlayView             com.rmst.biometrics                  D  Finger: MIDDLE | Hand Confidence: 92.72013%
2025-12-11 10:25:21.727 18765-18765 ROICalculator           com.rmst.biometrics                  D  ✓ Calculated ROI: 166x14px | FingerLength: 52px | Image: 480x640
2025-12-11 10:25:21.727 18765-18765 OverlayView             com.rmst.biometrics                  D  Finger: RING | Hand Confidence: 92.72013%
2025-12-11 10:25:21.727 18765-18765 ROICalculator           com.rmst.biometrics                  D  ✓ Calculated ROI: 139x19px | FingerLength: 45px | Image: 480x640
2025-12-11 10:25:21.727 18765-18765 OverlayView             com.rmst.biometrics                  D  Finger: PINKY | Hand Confidence: 92.72013%
2025-12-11 10:25:21.745 18765-18765 OverlayView             com.rmst.biometrics                  D  === Overall Quality: 92.72013092041016 | Status: GOOD ===
2025-12-11 10:25:21.765 18765-18765 ROICalculator           com.rmst.biometrics                  D  ✓ Calculated ROI: -13x89px | FingerLength: 50px | Image: 480x640
2025-12-11 10:25:21.765 18765-18765 OverlayView             com.rmst.biometrics                  D  Finger: THUMB | Hand Confidence: 92.68255%
2025-12-11 10:25:21.765 18765-18765 ROICalculator           com.rmst.biometrics                  D  ✓ Calculated ROI: 177x49px | FingerLength: 49px | Image: 480x640
2025-12-11 10:25:21.765 18765-18765 OverlayView             com.rmst.biometrics                  D  Finger: INDEX | Hand Confidence: 92.68255%
2025-12-11 10:25:21.765 18765-18765 ROICalculator           com.rmst.biometrics                  D  ✓ Calculated ROI: 193x40px | FingerLength: 57px | Image: 480x640
2025-12-11 10:25:21.765 18765-18765 OverlayView             com.rmst.biometrics                  D  Finger: MIDDLE | Hand Confidence: 92.68255%
2025-12-11 10:25:21.765 18765-18765 ROICalculator           com.rmst.biometrics                  D  ✓ Calculated ROI: 166x15px | FingerLength: 53px | Image: 480x640
2025-12-11 10:25:21.765 18765-18765 OverlayView             com.rmst.biometrics                  D  Finger: RING | Hand Confidence: 92.68255%
2025-12-11 10:25:21.766 18765-18765 ROICalculator           com.rmst.biometrics                  D  ✓ Calculated ROI: 136x17px | FingerLength: 45px | Image: 480x640
2025-12-11 10:25:21.766 18765-18765 OverlayView             com.rmst.biometrics                  D  Finger: PINKY | Hand Confidence: 92.68255%
2025-12-11 10:25:21.778 18765-18765 OverlayView             com.rmst.biometrics                  D  === Overall Quality: 92.68254852294922 | Status: GOOD ===
2025-12-11 10:25:21.808 18765-18765 ROICalculator           com.rmst.biometrics                  D  ✓ Calculated ROI: -21x84px | FingerLength: 46px | Image: 480x640
2025-12-11 10:25:21.808 18765-18765 OverlayView             com.rmst.biometrics                  D  Finger: THUMB | Hand Confidence: 92.688545%
2025-12-11 10:25:21.808 18765-18765 ROICalculator           com.rmst.biometrics                  D  ✓ Calculated ROI: 177x48px | FingerLength: 48px | Image: 480x640
2025-12-11 10:25:21.808 18765-18765 OverlayView             com.rmst.biometrics                  D  Finger: INDEX | Hand Confidence: 92.688545%
2025-12-11 10:25:21.808 18765-18765 ROICalculator           com.rmst.biometrics                  D  ✓ Calculated ROI: 192x40px | FingerLength: 56px | Image: 480x640
2025-12-11 10:25:21.808 18765-18765 OverlayView             com.rmst.biometrics                  D  Finger: MIDDLE | Hand Confidence: 92.688545%
2025-12-11 10:25:21.809 18765-18765 ROICalculator           com.rmst.biometrics                  D  ✓ Calculated ROI: 165x15px | FingerLength: 53px | Image: 480x640
2025-12-11 10:25:21.809 18765-18765 OverlayView             com.rmst.biometrics                  D  Finger: RING | Hand Confidence: 92.688545%
2025-12-11 10:25:21.809 18765-18765 ROICalculator           com.rmst.biometrics                  D  ✓ Calculated ROI: 140x18px | FingerLength: 46px | Image: 480x640
2025-12-11 10:25:21.809 18765-18765 OverlayView             com.rmst.biometrics                  D  Finger: PINKY | Hand Confidence: 92.688545%
2025-12-11 10:25:21.812 18765-18765 OverlayView             com.rmst.biometrics                  D  === Overall Quality: 92.68854522705078 | Status: GOOD ===
2025-12-11 10:25:21.852 18765-18765 ROICalculator           com.rmst.biometrics                  D  ✓ Calculated ROI: -22x86px | FingerLength: 50px | Image: 480x640
2025-12-11 10:25:21.852 18765-18765 OverlayView             com.rmst.biometrics                  D  Finger: THUMB | Hand Confidence: 94.08882%
2025-12-11 10:25:21.852 18765-18765 ROICalculator           com.rmst.biometrics                  D  ✓ Calculated ROI: 181x52px | FingerLength: 51px | Image: 480x640
2025-12-11 10:25:21.852 18765-18765 OverlayView             com.rmst.biometrics                  D  Finger: INDEX | Hand Confidence: 94.08882%
2025-12-11 10:25:21.852 18765-18765 ROICalculator           com.rmst.biometrics                  D  ✓ Calculated ROI: 199x44px | FingerLength: 58px | Image: 480x640
2025-12-11 10:25:21.853 18765-18765 OverlayView             com.rmst.biometrics                  D  Finger: MIDDLE | Hand Confidence: 94.08882%
2025-12-11 10:25:21.853 18765-18765 ROICalculator           com.rmst.biometrics                  D  ✓ Calculated ROI: 171x18px | FingerLength: 54px | Image: 480x640
2025-12-11 10:25:21.853 18765-18765 OverlayView             com.rmst.biometrics                  D  Finger: RING | Hand Confidence: 94.08882%
2025-12-11 10:25:21.853 18765-18765 ROICalculator           com.rmst.biometrics                  D  ✓ Calculated ROI: 142x21px | FingerLength: 45px | Image: 480x640
2025-12-11 10:25:21.853 18765-18765 OverlayView             com.rmst.biometrics                  D  Finger: PINKY | Hand Confidence: 94.08882%
2025-12-11 10:25:21.864 18765-18765 OverlayView             com.rmst.biometrics                  D  === Overall Quality: 94.08882141113281 | Status: GOOD ===
2025-12-11 10:25:21.902 18765-18765 ROICalculator           com.rmst.biometrics                  D  ✓ Calculated ROI: -10x68px | FingerLength: 52px | Image: 480x640
2025-12-11 10:25:21.902 18765-18765 OverlayView             com.rmst.biometrics                  D  Finger: THUMB | Hand Confidence: 94.91581%
2025-12-11 10:25:21.902 18765-18765 ROICalculator           com.rmst.biometrics                  D  ✓ Calculated ROI: 183x53px | FingerLength: 52px | Image: 480x640
2025-12-11 10:25:21.902 18765-18765 OverlayView             com.rmst.biometrics                  D  Finger: INDEX | Hand Confidence: 94.91581%
2025-12-11 10:25:21.902 18765-18765 ROICalculator           com.rmst.biometrics                  D  ✓ Calculated ROI: 202x47px | FingerLength: 58px | Image: 480x640
2025-12-11 10:25:21.902 18765-18765 OverlayView             com.rmst.biometrics                  D  Finger: MIDDLE | Hand Confidence: 94.91581%
2025-12-11 10:25:21.902 18765-18765 ROICalculator           com.rmst.biometrics                  D  ✓ Calculated ROI: 177x22px | FingerLength: 56px | Image: 480x640
2025-12-11 10:25:21.903 18765-18765 OverlayView             com.rmst.biometrics                  D  Finger: RING | Hand Confidence: 94.91581%
2025-12-11 10:25:21.903 18765-18765 ROICalculator           com.rmst.biometrics                  D  ✓ Calculated ROI: 146x23px | FingerLength: 46px | Image: 480x640
2025-12-11 10:25:21.903 18765-18765 OverlayView             com.rmst.biometrics                  D  Finger: PINKY | Hand Confidence: 94.91581%
2025-12-11 10:25:21.903 18765-18765 OverlayView             com.rmst.biometrics                  D  Stable frames: 1/15 | Quality: 94.91580963134766
2025-12-11 10:25:21.912 18765-18765 OverlayView             com.rmst.biometrics                  D  === Overall Quality: 94.91580963134766 | Status: GOOD ===
2025-12-11 10:25:21.950 18765-18765 ROICalculator           com.rmst.biometrics                  D  ✓ Calculated ROI: -32x82px | FingerLength: 51px | Image: 480x640
2025-12-11 10:25:21.950 18765-18765 OverlayView             com.rmst.biometrics                  D  Finger: THUMB | Hand Confidence: 94.99668%
2025-12-11 10:25:21.950 18765-18765 ROICalculator           com.rmst.biometrics                  D  ✓ Calculated ROI: 182x53px | FingerLength: 52px | Image: 480x640
2025-12-11 10:25:21.950 18765-18765 OverlayView             com.rmst.biometrics                  D  Finger: INDEX | Hand Confidence: 94.99668%
2025-12-11 10:25:21.950 18765-18765 ROICalculator           com.rmst.biometrics                  D  ✓ Calculated ROI: 202x46px | FingerLength: 59px | Image: 480x640
2025-12-11 10:25:21.950 18765-18765 OverlayView             com.rmst.biometrics                  D  Finger: MIDDLE | Hand Confidence: 94.99668%
2025-12-11 10:25:21.950 18765-18765 ROICalculator           com.rmst.biometrics                  D  ✓ Calculated ROI: 179x21px | FingerLength: 57px | Image: 480x640
2025-12-11 10:25:21.950 18765-18765 OverlayView             com.rmst.biometrics                  D  Finger: RING | Hand Confidence: 94.99668%
2025-12-11 10:25:21.950 18765-18765 ROICalculator           com.rmst.biometrics                  D  ✓ Calculated ROI: 146x22px | FingerLength: 47px | Image: 480x640
2025-12-11 10:25:21.950 18765-18765 OverlayView             com.rmst.biometrics                  D  Finger: PINKY | Hand Confidence: 94.99668%
2025-12-11 10:25:21.951 18765-18765 OverlayView             com.rmst.biometrics                  D  Reset: Quality=true, Stable=false
2025-12-11 10:25:21.963 18765-18765 OverlayView             com.rmst.biometrics                  D  === Overall Quality: 94.9966812133789 | Status: GOOD ===
2025-12-11 10:25:21.985 18765-18765 ROICalculator           com.rmst.biometrics                  D  ✓ Calculated ROI: -15x69px | FingerLength: 48px | Image: 480x640
2025-12-11 10:25:21.985 18765-18765 OverlayView             com.rmst.biometrics                  D  Finger: THUMB | Hand Confidence: 94.63488%
2025-12-11 10:25:21.985 18765-18765 ROICalculator           com.rmst.biometrics                  D  ✓ Calculated ROI: 181x51px | FingerLength: 51px | Image: 480x640
2025-12-11 10:25:21.985 18765-18765 OverlayView             com.rmst.biometrics                  D  Finger: INDEX | Hand Confidence: 94.63488%
2025-12-11 10:25:21.985 18765-18765 ROICalculator           com.rmst.biometrics                  D  ✓ Calculated ROI: 199x44px | FingerLength: 58px | Image: 480x640
2025-12-11 10:25:21.986 18765-18765 OverlayView             com.rmst.biometrics                  D  Finger: MIDDLE | Hand Confidence: 94.63488%
2025-12-11 10:25:21.986 18765-18765 ROICalculator           com.rmst.biometrics                  D  ✓ Calculated ROI: 180x19px | FingerLength: 57px | Image: 480x640
2025-12-11 10:25:21.986 18765-18765 OverlayView             com.rmst.biometrics                  D  Finger: RING | Hand Confidence: 94.63488%
2025-12-11 10:25:21.986 18765-18765 ROICalculator           com.rmst.biometrics                  D  ✓ Calculated ROI: 145x17px | FingerLength: 47px | Image: 480x640
2025-12-11 10:25:21.986 18765-18765 OverlayView             com.rmst.biometrics                  D  Finger: PINKY | Hand Confidence: 94.63488%
2025-12-11 10:25:21.996 18765-18765 OverlayView             com.rmst.biometrics                  D  === Overall Quality: 94.63488006591797 | Status: GOOD ===
2025-12-11 10:25:22.026 18765-18765 ROICalculator           com.rmst.biometrics                  D  ✓ Calculated ROI: -42x84px | FingerLength: 45px | Image: 480x640
2025-12-11 10:25:22.026 18765-18765 OverlayView             com.rmst.biometrics                  D  Finger: THUMB | Hand Confidence: 96.11856%
2025-12-11 10:25:22.026 18765-18765 ROICalculator           com.rmst.biometrics                  D  ✓ Calculated ROI: 183x51px | FingerLength: 52px | Image: 480x640
2025-12-11 10:25:22.026 18765-18765 OverlayView             com.rmst.biometrics                  D  Finger: INDEX | Hand Confidence: 96.11856%
2025-12-11 10:25:22.026 18765-18765 ROICalculator           com.rmst.biometrics                  D  ✓ Calculated ROI: 204x45px | FingerLength: 60px | Image: 480x640
2025-12-11 10:25:22.026 18765-18765 OverlayView             com.rmst.biometrics                  D  Finger: MIDDLE | Hand Confidence: 96.11856%
2025-12-11 10:25:22.026 18765-18765 ROICalculator           com.rmst.biometrics                  D  ✓ Calculated ROI: 182x19px | FingerLength: 57px | Image: 480x640
2025-12-11 10:25:22.027 18765-18765 OverlayView             com.rmst.biometrics                  D  Finger: RING | Hand Confidence: 96.11856%
2025-12-11 10:25:22.027 18765-18765 ROICalculator           com.rmst.biometrics                  D  ✓ Calculated ROI: 152x23px | FingerLength: 48px | Image: 480x640
2025-12-11 10:25:22.027 18765-18765 OverlayView             com.rmst.biometrics                  D  Finger: PINKY | Hand Confidence: 96.11856%
2025-12-11 10:25:22.045 18765-18765 OverlayView             com.rmst.biometrics                  D  === Overall Quality: 96.11856079101562 | Status: GOOD ===
2025-12-11 10:25:22.068 18765-18765 ROICalculator           com.rmst.biometrics                  D  ✓ Calculated ROI: -27x63px | FingerLength: 39px | Image: 480x640
2025-12-11 10:25:22.069 18765-18765 OverlayView             com.rmst.biometrics                  D  Finger: THUMB | Hand Confidence: 95.36411%
2025-12-11 10:25:22.069 18765-18765 ROICalculator           com.rmst.biometrics                  D  ✓ Calculated ROI: 179x48px | FingerLength: 51px | Image: 480x640
2025-12-11 10:25:22.069 18765-18765 OverlayView             com.rmst.biometrics                  D  Finger: INDEX | Hand Confidence: 95.36411%
2025-12-11 10:25:22.069 18765-18765 ROICalculator           com.rmst.biometrics                  D  ✓ Calculated ROI: 200x42px | FingerLength: 60px | Image: 480x640
2025-12-11 10:25:22.069 18765-18765 OverlayView             com.rmst.biometrics                  D  Finger: MIDDLE | Hand Confidence: 95.36411%
2025-12-11 10:25:22.069 18765-18765 ROICalculator           com.rmst.biometrics                  D  ✓ Calculated ROI: 180x22px | FingerLength: 56px | Image: 480x640
2025-12-11 10:25:22.069 18765-18765 OverlayView             com.rmst.biometrics                  D  Finger: RING | Hand Confidence: 95.36411%
2025-12-11 10:25:22.069 18765-18765 ROICalculator           com.rmst.biometrics                  D  ✓ Calculated ROI: 153x22px | FingerLength: 49px | Image: 480x640
2025-12-11 10:25:22.069 18765-18765 OverlayView             com.rmst.biometrics                  D  Finger: PINKY | Hand Confidence: 95.36411%
2025-12-11 10:25:22.078 18765-18765 OverlayView             com.rmst.biometrics                  D  === Overall Quality: 95.3641128540039 | Status: GOOD ===
2025-12-11 10:25:22.112 18765-18765 ROICalculator           com.rmst.biometrics                  D  ✓ Calculated ROI: -11x49px | FingerLength: 40px | Image: 480x640
2025-12-11 10:25:22.112 18765-18765 OverlayView             com.rmst.biometrics                  D  Finger: THUMB | Hand Confidence: 96.35376%
2025-12-11 10:25:22.113 18765-18765 ROICalculator           com.rmst.biometrics                  D  ✓ Calculated ROI: 180x43px | FingerLength: 53px | Image: 480x640
2025-12-11 10:25:22.113 18765-18765 OverlayView             com.rmst.biometrics                  D  Finger: INDEX | Hand Confidence: 96.35376%
2025-12-11 10:25:22.113 18765-18765 ROICalculator           com.rmst.biometrics                  D  ✓ Calculated ROI: 202x40px | FingerLength: 62px | Image: 480x640
2025-12-11 10:25:22.113 18765-18765 OverlayView             com.rmst.biometrics                  D  Finger: MIDDLE | Hand Confidence: 96.35376%
2025-12-11 10:25:22.113 18765-18765 ROICalculator           com.rmst.biometrics                  D  ✓ Calculated ROI: 183x23px | FingerLength: 57px | Image: 480x640
2025-12-11 10:25:22.113 18765-18765 OverlayView             com.rmst.biometrics                  D  Finger: RING | Hand Confidence: 96.35376%
2025-12-11 10:25:22.113 18765-18765 ROICalculator           com.rmst.biometrics                  D  ✓ Calculated ROI: 156x26px | FingerLength: 49px | Image: 480x640
2025-12-11 10:25:22.113 18765-18765 OverlayView             com.rmst.biometrics                  D  Finger: PINKY | Hand Confidence: 96.35376%
2025-12-11 10:25:22.129 18765-18765 OverlayView             com.rmst.biometrics                  D  === Overall Quality: 96.353759765625 | Status: GOOD ===
2025-12-11 10:25:22.155 18765-18765 ROICalculator           com.rmst.biometrics                  D  ✓ Calculated ROI: 34x7px | FingerLength: 45px | Image: 480x640
2025-12-11 10:25:22.155 18765-18765 OverlayView             com.rmst.biometrics                  D  Finger: THUMB | Hand Confidence: 96.54807%
2025-12-11 10:25:22.155 18765-18765 ROICalculator           com.rmst.biometrics                  D  ✓ Calculated ROI: 184x43px | FingerLength: 54px | Image: 480x640
2025-12-11 10:25:22.155 18765-18765 OverlayView             com.rmst.biometrics                  D  Finger: INDEX | Hand Confidence: 96.54807%
2025-12-11 10:25:22.155 18765-18765 ROICalculator           com.rmst.biometrics                  D  ✓ Calculated ROI: 208x42px | FingerLength: 63px | Image: 480x640
2025-12-11 10:25:22.155 18765-18765 OverlayView             com.rmst.biometrics                  D  Finger: MIDDLE | Hand Confidence: 96.54807%
2025-12-11 10:25:22.155 18765-18765 ROICalculator           com.rmst.biometrics                  D  ✓ Calculated ROI: 188x25px | FingerLength: 58px | Image: 480x640
2025-12-11 10:25:22.155 18765-18765 OverlayView             com.rmst.biometrics                  D  Finger: RING | Hand Confidence: 96.54807%
2025-12-11 10:25:22.155 18765-18765 ROICalculator           com.rmst.biometrics                  D  ✓ Calculated ROI: 160x24px | FingerLength: 50px | Image: 480x640
2025-12-11 10:25:22.155 18765-18765 OverlayView             com.rmst.biometrics                  D  Finger: PINKY | Hand Confidence: 96.54807%
2025-12-11 10:25:22.162 18765-18765 OverlayView             com.rmst.biometrics                  D  === Overall Quality: 96.5480728149414 | Status: GOOD ===
2025-12-11 10:25:22.198 18765-18765 ROICalculator           com.rmst.biometrics                  D  ✓ Calculated ROI: 26x10px | FingerLength: 41px | Image: 480x640
2025-12-11 10:25:22.198 18765-18765 OverlayView             com.rmst.biometrics                  D  Finger: THUMB | Hand Confidence: 95.45946%
2025-12-11 10:25:22.198 18765-18765 ROICalculator           com.rmst.biometrics                  D  ✓ Calculated ROI: 187x50px | FingerLength: 54px | Image: 480x640
2025-12-11 10:25:22.198 18765-18765 OverlayView             com.rmst.biometrics                  D  Finger: INDEX | Hand Confidence: 95.45946%
2025-12-11 10:25:22.198 18765-18765 ROICalculator           com.rmst.biometrics                  D  ✓ Calculated ROI: 208x43px | FingerLength: 63px | Image: 480x640
2025-12-11 10:25:22.198 18765-18765 OverlayView             com.rmst.biometrics                  D  Finger: MIDDLE | Hand Confidence: 95.45946%
2025-12-11 10:25:22.198 18765-18765 ROICalculator           com.rmst.biometrics                  D  ✓ Calculated ROI: 182x25px | FingerLength: 56px | Image: 480x640
2025-12-11 10:25:22.198 18765-18765 OverlayView             com.rmst.biometrics                  D  Finger: RING | Hand Confidence: 95.45946%
2025-12-11 10:25:22.198 18765-18765 ROICalculator           com.rmst.biometrics                  D  ✓ Calculated ROI: 152x24px | FingerLength: 47px | Image: 480x640
2025-12-11 10:25:22.198 18765-18765 OverlayView             com.rmst.biometrics                  D  Finger: PINKY | Hand Confidence: 95.45946%
2025-12-11 10:25:22.212 18765-18765 OverlayView             com.rmst.biometrics                  D  === Overall Quality: 95.45945739746094 | Status: GOOD ===
2025-12-11 10:25:22.247 18765-18765 ROICalculator           com.rmst.biometrics                  D  ✓ Calculated ROI: 29x20px | FingerLength: 42px | Image: 480x640
2025-12-11 10:25:22.248 18765-18765 OverlayView             com.rmst.biometrics                  D  Finger: THUMB | Hand Confidence: 96.14531%
2025-12-11 10:25:22.248 18765-18765 ROICalculator           com.rmst.biometrics                  D  ✓ Calculated ROI: 181x41px | FingerLength: 53px | Image: 480x640
2025-12-11 10:25:22.248 18765-18765 OverlayView             com.rmst.biometrics                  D  Finger: INDEX | Hand Confidence: 96.14531%
2025-12-11 10:25:22.248 18765-18765 ROICalculator           com.rmst.biometrics                  D  ✓ Calculated ROI: 207x39px | FingerLength: 63px | Image: 480x640
2025-12-11 10:25:22.248 18765-18765 OverlayView             com.rmst.biometrics                  D  Finger: MIDDLE | Hand Confidence: 96.14531%
2025-12-11 10:25:22.248 18765-18765 ROICalculator           com.rmst.biometrics                  D  ✓ Calculated ROI: 183x22px | FingerLength: 57px | Image: 480x640
2025-12-11 10:25:22.248 18765-18765 OverlayView             com.rmst.biometrics                  D  Finger: RING | Hand Confidence: 96.14531%
2025-12-11 10:25:22.248 18765-18765 ROICalculator           com.rmst.biometrics                  D  ✓ Calculated ROI: 159x23px | FingerLength: 50px | Image: 480x640
2025-12-11 10:25:22.248 18765-18765 OverlayView             com.rmst.biometrics                  D  Finger: PINKY | Hand Confidence: 96.14531%
2025-12-11 10:25:22.262 18765-18765 OverlayView             com.rmst.biometrics                  D  === Overall Quality: 96.14530944824219 | Status: GOOD ===
2025-12-11 10:25:22.301 18765-18765 ROICalculator           com.rmst.biometrics                  D  ✓ Calculated ROI: 34x34px | FingerLength: 45px | Image: 480x640
2025-12-11 10:25:22.302 18765-18765 OverlayView             com.rmst.biometrics                  D  Finger: THUMB | Hand Confidence: 96.40295%
2025-12-11 10:25:22.302 18765-18765 ROICalculator           com.rmst.biometrics                  D  ✓ Calculated ROI: 192x51px | FingerLength: 55px | Image: 480x640
2025-12-11 10:25:22.302 18765-18765 OverlayView             com.rmst.biometrics                  D  Finger: INDEX | Hand Confidence: 96.40295%
2025-12-11 10:25:22.302 18765-18765 ROICalculator           com.rmst.biometrics                  D  ✓ Calculated ROI: 213x45px | FingerLength: 64px | Image: 480x640
2025-12-11 10:25:22.302 18765-18765 OverlayView             com.rmst.biometrics                  D  Finger: MIDDLE | Hand Confidence: 96.40295%
2025-12-11 10:25:22.302 18765-18765 ROICalculator           com.rmst.biometrics                  D  ✓ Calculated ROI: 187x25px | FingerLength: 58px | Image: 480x640
2025-12-11 10:25:22.302 18765-18765 OverlayView             com.rmst.biometrics                  D  Finger: RING | Hand Confidence: 96.40295%
2025-12-11 10:25:22.302 18765-18765 ROICalculator           com.rmst.biometrics                  D  ✓ Calculated ROI: 162x28px | FingerLength: 50px | Image: 480x640
2025-12-11 10:25:22.302 18765-18765 OverlayView             com.rmst.biometrics                  D  Finger: PINKY | Hand Confidence: 96.40295%
2025-12-11 10:25:22.311 18765-18765 OverlayView             com.rmst.biometrics                  D  === Overall Quality: 96.40294647216797 | Status: GOOD ===
2025-12-11 10:25:22.339 18765-18765 ROICalculator           com.rmst.biometrics                  D  ✓ Calculated ROI: 5x23px | FingerLength: 39px | Image: 480x640
2025-12-11 10:25:22.339 18765-18765 OverlayView             com.rmst.biometrics                  D  Finger: THUMB | Hand Confidence: 97.19614%
2025-12-11 10:25:22.339 18765-18765 ROICalculator           com.rmst.biometrics                  D  ✓ Calculated ROI: 188x50px | FingerLength: 54px | Image: 480x640
2025-12-11 10:25:22.339 18765-18765 OverlayView             com.rmst.biometrics                  D  Finger: INDEX | Hand Confidence: 97.19614%
2025-12-11 10:25:22.339 18765-18765 ROICalculator           com.rmst.biometrics                  D  ✓ Calculated ROI: 211x42px | FingerLength: 63px | Image: 480x640
2025-12-11 10:25:22.339 18765-18765 OverlayView             com.rmst.biometrics                  D  Finger: MIDDLE | Hand Confidence: 97.19614%
2025-12-11 10:25:22.339 18765-18765 ROICalculator           com.rmst.biometrics                  D  ✓ Calculated ROI: 186x25px | FingerLength: 57px | Image: 480x640
2025-12-11 10:25:22.339 18765-18765 OverlayView             com.rmst.biometrics                  D  Finger: RING | Hand Confidence: 97.19614%
2025-12-11 10:25:22.340 18765-18765 ROICalculator           com.rmst.biometrics                  D  ✓ Calculated ROI: 159x30px | FingerLength: 49px | Image: 480x640
2025-12-11 10:25:22.340 18765-18765 OverlayView             com.rmst.biometrics                  D  Finger: PINKY | Hand Confidence: 97.19614%
2025-12-11 10:25:22.345 18765-18765 OverlayView             com.rmst.biometrics                  D  === Overall Quality: 97.19613647460938 | Status: GOOD ===
2025-12-11 10:25:22.388 18765-18765 ROICalculator           com.rmst.biometrics                  D  ✓ Calculated ROI: 8x26px | FingerLength: 41px | Image: 480x640
2025-12-11 10:25:22.388 18765-18765 OverlayView             com.rmst.biometrics                  D  Finger: THUMB | Hand Confidence: 96.92102%
2025-12-11 10:25:22.388 18765-18765 ROICalculator           com.rmst.biometrics                  D  ✓ Calculated ROI: 193x50px | FingerLength: 54px | Image: 480x640
2025-12-11 10:25:22.388 18765-18765 OverlayView             com.rmst.biometrics                  D  Finger: INDEX | Hand Confidence: 96.92102%
2025-12-11 10:25:22.388 18765-18765 ROICalculator           com.rmst.biometrics                  D  ✓ Calculated ROI: 214x45px | FingerLength: 64px | Image: 480x640
2025-12-11 10:25:22.388 18765-18765 OverlayView             com.rmst.biometrics                  D  Finger: MIDDLE | Hand Confidence: 96.92102%
2025-12-11 10:25:22.388 18765-18765 ROICalculator           com.rmst.biometrics                  D  ✓ Calculated ROI: 191x27px | FingerLength: 58px | Image: 480x640
2025-12-11 10:25:22.388 18765-18765 OverlayView             com.rmst.biometrics                  D  Finger: RING | Hand Confidence: 96.92102%
2025-12-11 10:25:22.388 18765-18765 ROICalculator           com.rmst.biometrics                  D  ✓ Calculated ROI: 162x30px | FingerLength: 50px | Image: 480x640
2025-12-11 10:25:22.388 18765-18765 OverlayView             com.rmst.biometrics                  D  Finger: PINKY | Hand Confidence: 96.92102%
2025-12-11 10:25:22.389 18765-18765 OverlayView             com.rmst.biometrics                  D  Stable frames: 1/15 | Quality: 96.9210205078125
2025-12-11 10:25:22.395 18765-18765 OverlayView             com.rmst.biometrics                  D  === Overall Quality: 96.9210205078125 | Status: GOOD ===
2025-12-11 10:25:22.430 18765-18765 ROICalculator           com.rmst.biometrics                  D  ✓ Calculated ROI: 34x46px | FingerLength: 48px | Image: 480x640
2025-12-11 10:25:22.430 18765-18765 OverlayView             com.rmst.biometrics                  D  Finger: THUMB | Hand Confidence: 97.36707%
2025-12-11 10:25:22.430 18765-18765 ROICalculator           com.rmst.biometrics                  D  ✓ Calculated ROI: 188x48px | FingerLength: 54px | Image: 480x640
2025-12-11 10:25:22.430 18765-18765 OverlayView             com.rmst.biometrics                  D  Finger: INDEX | Hand Confidence: 97.36707%
2025-12-11 10:25:22.430 18765-18765 ROICalculator           com.rmst.biometrics                  D  ✓ Calculated ROI: 211x42px | FingerLength: 63px | Image: 480x640
2025-12-11 10:25:22.430 18765-18765 OverlayView             com.rmst.biometrics                  D  Finger: MIDDLE | Hand Confidence: 97.36707%
2025-12-11 10:25:22.430 18765-18765 ROICalculator           com.rmst.biometrics                  D  ✓ Calculated ROI: 190x25px | FingerLength: 58px | Image: 480x640
2025-12-11 10:25:22.430 18765-18765 OverlayView             com.rmst.biometrics                  D  Finger: RING | Hand Confidence: 97.36707%
2025-12-11 10:25:22.430 18765-18765 ROICalculator           com.rmst.biometrics                  D  ✓ Calculated ROI: 162x29px | FingerLength: 50px | Image: 480x640
2025-12-11 10:25:22.430 18765-18765 OverlayView             com.rmst.biometrics                  D  Finger: PINKY | Hand Confidence: 97.36707%
2025-12-11 10:25:22.431 18765-18765 OverlayView             com.rmst.biometrics                  D  Reset: Quality=true, Stable=false
2025-12-11 10:25:22.445 18765-18765 OverlayView             com.rmst.biometrics                  D  === Overall Quality: 97.36707305908203 | Status: GOOD ===
2025-12-11 10:25:22.476 18765-18765 ROICalculator           com.rmst.biometrics                  D  ✓ Calculated ROI: 9x28px | FingerLength: 42px | Image: 480x640
2025-12-11 10:25:22.477 18765-18765 OverlayView             com.rmst.biometrics                  D  Finger: THUMB | Hand Confidence: 97.19261%
2025-12-11 10:25:22.477 18765-18765 ROICalculator           com.rmst.biometrics                  D  ✓ Calculated ROI: 190x49px | FingerLength: 55px | Image: 480x640
2025-12-11 10:25:22.477 18765-18765 OverlayView             com.rmst.biometrics                  D  Finger: INDEX | Hand Confidence: 97.19261%
2025-12-11 10:25:22.477 18765-18765 ROICalculator           com.rmst.biometrics                  D  ✓ Calculated ROI: 212x43px | FingerLength: 63px | Image: 480x640
2025-12-11 10:25:22.477 18765-18765 OverlayView             com.rmst.biometrics                  D  Finger: MIDDLE | Hand Confidence: 97.19261%
2025-12-11 10:25:22.477 18765-18765 ROICalculator           com.rmst.biometrics                  D  ✓ Calculated ROI: 191x23px | FingerLength: 59px | Image: 480x640
2025-12-11 10:25:22.477 18765-18765 OverlayView             com.rmst.biometrics                  D  Finger: RING | Hand Confidence: 97.19261%
2025-12-11 10:25:22.477 18765-18765 ROICalculator           com.rmst.biometrics                  D  ✓ Calculated ROI: 163x30px | FingerLength: 50px | Image: 480x640
2025-12-11 10:25:22.477 18765-18765 OverlayView             com.rmst.biometrics                  D  Finger: PINKY | Hand Confidence: 97.19261%
2025-12-11 10:25:22.495 18765-18765 OverlayView             com.rmst.biometrics                  D  === Overall Quality: 97.19261169433594 | Status: GOOD ===
2025-12-11 10:25:22.534 18765-18765 ROICalculator           com.rmst.biometrics                  D  ✓ Calculated ROI: -8x20px | FingerLength: 42px | Image: 480x640
2025-12-11 10:25:22.534 18765-18765 OverlayView             com.rmst.biometrics                  D  Finger: THUMB | Hand Confidence: 97.877075%
2025-12-11 10:25:22.534 18765-18765 ROICalculator           com.rmst.biometrics                  D  ✓ Calculated ROI: 192x51px | FingerLength: 55px | Image: 480x640
2025-12-11 10:25:22.534 18765-18765 OverlayView             com.rmst.biometrics                  D  Finger: INDEX | Hand Confidence: 97.877075%
2025-12-11 10:25:22.534 18765-18765 ROICalculator           com.rmst.biometrics                  D  ✓ Calculated ROI: 212x44px | FingerLength: 63px | Image: 480x640
2025-12-11 10:25:22.534 18765-18765 OverlayView             com.rmst.biometrics                  D  Finger: MIDDLE | Hand Confidence: 97.877075%
2025-12-11 10:25:22.535 18765-18765 ROICalculator           com.rmst.biometrics                  D  ✓ Calculated ROI: 195x24px | FingerLength: 61px | Image: 480x640
2025-12-11 10:25:22.535 18765-18765 OverlayView             com.rmst.biometrics                  D  Finger: RING | Hand Confidence: 97.877075%
2025-12-11 10:25:22.535 18765-18765 ROICalculator           com.rmst.biometrics                  D  ✓ Calculated ROI: 164x31px | FingerLength: 50px | Image: 480x640
2025-12-11 10:25:22.535 18765-18765 OverlayView             com.rmst.biometrics                  D  Finger: PINKY | Hand Confidence: 97.877075%
2025-12-11 10:25:22.545 18765-18765 OverlayView             com.rmst.biometrics                  D  === Overall Quality: 97.8770751953125 | Status: GOOD ===
2025-12-11 10:25:22.583 18765-18765 ROICalculator           com.rmst.biometrics                  D  ✓ Calculated ROI: 20x14px | FingerLength: 50px | Image: 480x640
2025-12-11 10:25:22.583 18765-18765 OverlayView             com.rmst.biometrics                  D  Finger: THUMB | Hand Confidence: 96.89704%
2025-12-11 10:25:22.583 18765-18765 ROICalculator           com.rmst.biometrics                  D  ✓ Calculated ROI: 192x50px | FingerLength: 55px | Image: 480x640
2025-12-11 10:25:22.583 18765-18765 OverlayView             com.rmst.biometrics                  D  Finger: INDEX | Hand Confidence: 96.89704%
2025-12-11 10:25:22.583 18765-18765 ROICalculator           com.rmst.biometrics                  D  ✓ Calculated ROI: 213x43px | FingerLength: 63px | Image: 480x640
2025-12-11 10:25:22.583 18765-18765 OverlayView             com.rmst.biometrics                  D  Finger: MIDDLE | Hand Confidence: 96.89704%
2025-12-11 10:25:22.583 18765-18765 ROICalculator           com.rmst.biometrics                  D  ✓ Calculated ROI: 193x23px | FingerLength: 59px | Image: 480x640
2025-12-11 10:25:22.583 18765-18765 OverlayView             com.rmst.biometrics                  D  Finger: RING | Hand Confidence: 96.89704%
2025-12-11 10:25:22.583 18765-18765 ROICalculator           com.rmst.biometrics                  D  ✓ Calculated ROI: 165x30px | FingerLength: 51px | Image: 480x640
2025-12-11 10:25:22.583 18765-18765 OverlayView             com.rmst.biometrics                  D  Finger: PINKY | Hand Confidence: 96.89704%
2025-12-11 10:25:22.593 18765-18916 UseCaseAttachState      com.rmst.biometrics                  D  Active and attached use case: [androidx.camera.core.ImageCapture-27b3cb97-a5a6-4c2f-9b12-0b99c4657aa079745107, androidx.camera.core.ImageAnalysis-cdb05773-b288-4c4c-bb23-34adb1dbbcf629427778, androidx.camera.core.Preview-5f129e3d-b0e7-4726-85b1-a4f31da7f278108528420] for camera: 0
2025-12-11 10:25:22.595 18765-18765 OverlayView             com.rmst.biometrics                  D  === Overall Quality: 96.89704132080078 | Status: GOOD ===
2025-12-11 10:25:22.605 18765-18911 RMST Biomterics         com.rmst.biometrics                  D  Original bitmap from sensor: 640x480
2025-12-11 10:25:22.608 18765-18916 CaptureSession          com.rmst.biometrics                  D  Attempting to submit CaptureRequest after setting
2025-12-11 10:25:22.608 18765-18916 CaptureSession          com.rmst.biometrics                  D  Issuing request for session.
2025-12-11 10:25:22.610 18765-18765 ROICalculator           com.rmst.biometrics                  D  ✓ Calculated ROI: -4x10px | FingerLength: 47px | Image: 480x640
2025-12-11 10:25:22.610 18765-18765 OverlayView             com.rmst.biometrics                  D  Finger: THUMB | Hand Confidence: 97.2068%
2025-12-11 10:25:22.610 18765-18765 ROICalculator           com.rmst.biometrics                  D  ✓ Calculated ROI: 193x49px | FingerLength: 55px | Image: 480x640
2025-12-11 10:25:22.610 18765-18765 OverlayView             com.rmst.biometrics                  D  Finger: INDEX | Hand Confidence: 97.2068%
2025-12-11 10:25:22.610 18765-18765 ROICalculator           com.rmst.biometrics                  D  ✓ Calculated ROI: 215x46px | FingerLength: 63px | Image: 480x640
2025-12-11 10:25:22.610 18765-18765 OverlayView             com.rmst.biometrics                  D  Finger: MIDDLE | Hand Confidence: 97.2068%
2025-12-11 10:25:22.610 18765-18765 ROICalculator           com.rmst.biometrics                  D  ✓ Calculated ROI: 191x27px | FingerLength: 59px | Image: 480x640
2025-12-11 10:25:22.610 18765-18765 OverlayView             com.rmst.biometrics                  D  Finger: RING | Hand Confidence: 97.2068%
2025-12-11 10:25:22.610 18765-18765 ROICalculator           com.rmst.biometrics                  D  ✓ Calculated ROI: 160x28px | FingerLength: 50px | Image: 480x640
2025-12-11 10:25:22.610 18765-18765 OverlayView             com.rmst.biometrics                  D  Finger: PINKY | Hand Confidence: 97.2068%
2025-12-11 10:25:22.610 18765-18916 Camera2Cap...estBuilder com.rmst.biometrics                  D  createCaptureRequest
2025-12-11 10:25:22.612 18765-18911 RMST Biomterics         com.rmst.biometrics                  D  Rotated bitmap to match preview: 480x640
2025-12-11 10:25:22.620 18765-18916 Camera2CameraImpl       com.rmst.biometrics                  D  {Camera@e60a5ad[id=0]} Issue capture request
2025-12-11 10:25:22.620 18765-18916 CaptureSession          com.rmst.biometrics                  D  Issuing capture request.
2025-12-11 10:25:22.623 18765-18901 RMST Biomterics         com.rmst.biometrics                  D  ====================================================
2025-12-11 10:25:22.623 18765-18901 RMST Biomterics         com.rmst.biometrics                  D  🎯 CAPTURE TRIGGERED
2025-12-11 10:25:22.623 18765-18901 RMST Biomterics         com.rmst.biometrics                  D  Processing bitmap: 480x640, format: ARGB_8888
2025-12-11 10:25:22.626 18765-18916 Camera2Cap...estBuilder com.rmst.biometrics                  D  createCaptureRequest
2025-12-11 10:25:22.628 18765-18765 OverlayView             com.rmst.biometrics                  D  === Overall Quality: 97.20680236816406 | Status: GOOD ===
2025-12-11 10:25:22.642 18765-18916 Camera2CameraImpl       com.rmst.biometrics                  D  {Camera@e60a5ad[id=0]} Issue capture request
2025-12-11 10:25:22.642 18765-18916 CaptureSession          com.rmst.biometrics                  D  Issuing capture request.
2025-12-11 10:25:22.649 18765-18916 Camera2Cap...estBuilder com.rmst.biometrics                  D  createCaptureRequest
2025-12-11 10:25:22.665 18765-18916 UseCaseAttachState      com.rmst.biometrics                  D  Active and attached use case: [androidx.camera.core.ImageCapture-27b3cb97-a5a6-4c2f-9b12-0b99c4657aa079745107, androidx.camera.core.ImageAnalysis-cdb05773-b288-4c4c-bb23-34adb1dbbcf629427778, androidx.camera.core.Preview-5f129e3d-b0e7-4726-85b1-a4f31da7f278108528420] for camera: 0
2025-12-11 10:25:22.677 18765-18916 CaptureSession          com.rmst.biometrics                  D  Attempting to submit CaptureRequest after setting
2025-12-11 10:25:22.677 18765-18916 CaptureSession          com.rmst.biometrics                  D  Issuing request for session.
2025-12-11 10:25:22.677 18765-18765 ROICalculator           com.rmst.biometrics                  D  ✓ Calculated ROI: -47x55px | FingerLength: 44px | Image: 480x640
2025-12-11 10:25:22.678 18765-18765 OverlayView             com.rmst.biometrics                  D  Finger: THUMB | Hand Confidence: 97.49478%
2025-12-11 10:25:22.678 18765-18765 ROICalculator           com.rmst.biometrics                  D  ✓ Calculated ROI: 188x44px | FingerLength: 54px | Image: 480x640
2025-12-11 10:25:22.678 18765-18765 OverlayView             com.rmst.biometrics                  D  Finger: INDEX | Hand Confidence: 97.49478%
2025-12-11 10:25:22.678 18765-18765 ROICalculator           com.rmst.biometrics                  D  ✓ Calculated ROI: 205x39px | FingerLength: 62px | Image: 480x640
2025-12-11 10:25:22.678 18765-18765 OverlayView             com.rmst.biometrics                  D  Finger: MIDDLE | Hand Confidence: 97.49478%
2025-12-11 10:25:22.678 18765-18765 ROICalculator           com.rmst.biometrics                  D  ✓ Calculated ROI: 191x24px | FingerLength: 60px | Image: 480x640
2025-12-11 10:25:22.678 18765-18765 OverlayView             com.rmst.biometrics                  D  Finger: RING | Hand Confidence: 97.49478%
2025-12-11 10:25:22.678 18765-18765 ROICalculator           com.rmst.biometrics                  D  ✓ Calculated ROI: 160x23px | FingerLength: 51px | Image: 480x640
2025-12-11 10:25:22.678 18765-18765 OverlayView             com.rmst.biometrics                  D  Finger: PINKY | Hand Confidence: 97.49478%
2025-12-11 10:25:22.679 18765-18916 Camera2Cap...estBuilder com.rmst.biometrics                  D  createCaptureRequest
2025-12-11 10:25:22.695 18765-18765 OverlayView             com.rmst.biometrics                  D  === Overall Quality: 97.49478149414062 | Status: GOOD ===
2025-12-11 10:25:22.727 18765-18765 ROICalculator           com.rmst.biometrics                  D  ✓ Calculated ROI: -17x35px | FingerLength: 43px | Image: 480x640
2025-12-11 10:25:22.728 18765-18765 OverlayView             com.rmst.biometrics                  D  Finger: THUMB | Hand Confidence: 95.98988%
2025-12-11 10:25:22.728 18765-18765 ROICalculator           com.rmst.biometrics                  D  ✓ Calculated ROI: 187x45px | FingerLength: 54px | Image: 480x640
2025-12-11 10:25:22.728 18765-18765 OverlayView             com.rmst.biometrics                  D  Finger: INDEX | Hand Confidence: 95.98988%
2025-12-11 10:25:22.728 18765-18765 ROICalculator           com.rmst.biometrics                  D  ✓ Calculated ROI: 207x40px | FingerLength: 63px | Image: 480x640
2025-12-11 10:25:22.728 18765-18765 OverlayView             com.rmst.biometrics                  D  Finger: MIDDLE | Hand Confidence: 95.98988%
2025-12-11 10:25:22.728 18765-18765 ROICalculator           com.rmst.biometrics                  D  ✓ Calculated ROI: 194x26px | FingerLength: 61px | Image: 480x640
2025-12-11 10:25:22.728 18765-18765 OverlayView             com.rmst.biometrics                  D  Finger: RING | Hand Confidence: 95.98988%
2025-12-11 10:25:22.728 18765-18765 ROICalculator           com.rmst.biometrics                  D  ✓ Calculated ROI: 159x23px | FingerLength: 51px | Image: 480x640
2025-12-11 10:25:22.728 18765-18765 OverlayView             com.rmst.biometrics                  D  Finger: PINKY | Hand Confidence: 95.98988%
2025-12-11 10:25:22.744 18765-18765 OverlayView             com.rmst.biometrics                  D  === Overall Quality: 95.98988342285156 | Status: GOOD ===
2025-12-11 10:25:22.778 18765-18901 libMEOW                 com.rmst.biometrics                  D  meow new tls: 0xb4000070b6dc6140
2025-12-11 10:25:22.778 18765-18901 libMEOW                 com.rmst.biometrics                  D  applied 1 plugins for [com.rmst.biometrics]:
2025-12-11 10:25:22.778 18765-18901 libMEOW                 com.rmst.biometrics                  D    plugin 1: [libMEOW_gift.so]: 0xb400007136c9f820
2025-12-11 10:25:22.778 18765-18901 libMEOW                 com.rmst.biometrics                  D  rebuild call chain: 0xb4000070b6dd6150
2025-12-11 10:25:22.788 18765-19051 libMEOW                 com.rmst.biometrics                  D  meow new tls: 0xb4000070b6f16290
2025-12-11 10:25:22.788 18765-19051 libMEOW                 com.rmst.biometrics                  D  applied 1 plugins for [com.rmst.biometrics]:
2025-12-11 10:25:22.788 18765-19051 libMEOW                 com.rmst.biometrics                  D    plugin 1: [libMEOW_gift.so]: 0xb400007136c9f820
2025-12-11 10:25:22.788 18765-19051 libMEOW                 com.rmst.biometrics                  D  rebuild call chain: 0xb4000070b6f06280
2025-12-11 10:25:22.809 18765-19043 tflite                  com.rmst.biometrics                  I  Replacing 272 out of 272 node(s) with delegate (TfLiteXNNPackDelegate) node, yielding 1 partitions for the whole graph.
2025-12-11 10:25:22.854 18765-18765 ROICalculator           com.rmst.biometrics                  D  ✓ Calculated ROI: 0x25px | FingerLength: 47px | Image: 480x640
2025-12-11 10:25:22.854 18765-18765 OverlayView             com.rmst.biometrics                  D  Finger: THUMB | Hand Confidence: 96.36489%
2025-12-11 10:25:22.854 18765-18765 ROICalculator           com.rmst.biometrics                  D  ✓ Calculated ROI: 192x49px | FingerLength: 55px | Image: 480x640
2025-12-11 10:25:22.854 18765-18765 OverlayView             com.rmst.biometrics                  D  Finger: INDEX | Hand Confidence: 96.36489%
2025-12-11 10:25:22.854 18765-18765 ROICalculator           com.rmst.biometrics                  D  ✓ Calculated ROI: 213x46px | FingerLength: 64px | Image: 480x640
2025-12-11 10:25:22.854 18765-18765 OverlayView             com.rmst.biometrics                  D  Finger: MIDDLE | Hand Confidence: 96.36489%
2025-12-11 10:25:22.854 18765-18765 ROICalculator           com.rmst.biometrics                  D  ✓ Calculated ROI: 193x26px | FingerLength: 60px | Image: 480x640
2025-12-11 10:25:22.854 18765-18765 OverlayView             com.rmst.biometrics                  D  Finger: RING | Hand Confidence: 96.36489%
2025-12-11 10:25:22.854 18765-18765 ROICalculator           com.rmst.biometrics                  D  ✓ Calculated ROI: 161x25px | FingerLength: 51px | Image: 480x640
2025-12-11 10:25:22.854 18765-18765 OverlayView             com.rmst.biometrics                  D  Finger: PINKY | Hand Confidence: 96.36489%
2025-12-11 10:25:22.862 18765-18765 OverlayView             com.rmst.biometrics                  D  === Overall Quality: 96.3648910522461 | Status: GOOD ===
2025-12-11 10:25:22.879 18765-19047 tflite                  com.rmst.biometrics                  I  Replacing 165 out of 165 node(s) with delegate (TfLiteXNNPackDelegate) node, yielding 1 partitions for the whole graph.
2025-12-11 10:25:22.929 18765-18917 TransportR...EventStore com.rmst.biometrics                  D  Storing event with priority=DEFAULT, name=COREML_ON_DEVICE_SOLUTIONS for destination cct
2025-12-11 10:25:22.942 18765-18917 TransportR...oScheduler com.rmst.biometrics                  D  Upload for context TransportContext(cct, DEFAULT, MSRodHRwczovL2ZpcmViYXNlbG9nZ2luZy5nb29nbGVhcGlzLmNvbS92MGNjL2xvZy9iYXRjaD9mb3JtYXQ9anNvbl9wcm90bzNc) is already scheduled. Returning...
2025-12-11 10:25:22.944 18765-18765 ROICalculator           com.rmst.biometrics                  D  ✓ Calculated ROI: 14x15px | FingerLength: 49px | Image: 480x640
2025-12-11 10:25:22.944 18765-18765 OverlayView             com.rmst.biometrics                  D  Finger: THUMB | Hand Confidence: 96.1878%
2025-12-11 10:25:22.944 18765-18765 ROICalculator           com.rmst.biometrics                  D  ✓ Calculated ROI: 194x48px | FingerLength: 56px | Image: 480x640
2025-12-11 10:25:22.944 18765-18765 OverlayView             com.rmst.biometrics                  D  Finger: INDEX | Hand Confidence: 96.1878%
2025-12-11 10:25:22.944 18765-18765 ROICalculator           com.rmst.biometrics                  D  ✓ Calculated ROI: 216x44px | FingerLength: 66px | Image: 480x640
2025-12-11 10:25:22.944 18765-18765 OverlayView             com.rmst.biometrics                  D  Finger: MIDDLE | Hand Confidence: 96.1878%
2025-12-11 10:25:22.944 18765-18765 ROICalculator           com.rmst.biometrics                  D  ✓ Calculated ROI: 192x26px | FingerLength: 60px | Image: 480x640
2025-12-11 10:25:22.944 18765-18765 OverlayView             com.rmst.biometrics                  D  Finger: RING | Hand Confidence: 96.1878%
2025-12-11 10:25:22.944 18765-18765 ROICalculator           com.rmst.biometrics                  D  ✓ Calculated ROI: 159x20px | FingerLength: 51px | Image: 480x640
2025-12-11 10:25:22.944 18765-18765 OverlayView             com.rmst.biometrics                  D  Finger: PINKY | Hand Confidence: 96.1878%
2025-12-11 10:25:22.946 18765-18771 rmst.biometrics         com.rmst.biometrics                  I  NativeAlloc concurrent mark compact GC freed 1096KB AllocSpace bytes, 10(11MB) LOS objects, 64% free, 6649KB/18MB, paused 2.276ms,9.255ms total 107.665ms
2025-12-11 10:25:22.964 18765-18765 OverlayView             com.rmst.biometrics                  D  === Overall Quality: 96.18779754638672 | Status: GOOD ===
2025-12-11 10:25:23.018 18765-18765 ROICalculator           com.rmst.biometrics                  D  ✓ Calculated ROI: 0x23px | FingerLength: 43px | Image: 480x640
2025-12-11 10:25:23.018 18765-18765 OverlayView             com.rmst.biometrics                  D  Finger: THUMB | Hand Confidence: 95.7481%
2025-12-11 10:25:23.018 18765-18765 ROICalculator           com.rmst.biometrics                  D  ✓ Calculated ROI: 192x49px | FingerLength: 55px | Image: 480x640
2025-12-11 10:25:23.018 18765-18765 OverlayView             com.rmst.biometrics                  D  Finger: INDEX | Hand Confidence: 95.7481%
2025-12-11 10:25:23.019 18765-18765 ROICalculator           com.rmst.biometrics                  D  ✓ Calculated ROI: 212x41px | FingerLength: 65px | Image: 480x640
2025-12-11 10:25:23.019 18765-18765 OverlayView             com.rmst.biometrics                  D  Finger: MIDDLE | Hand Confidence: 95.7481%
2025-12-11 10:25:23.019 18765-18765 ROICalculator           com.rmst.biometrics                  D  ✓ Calculated ROI: 191x22px | FingerLength: 60px | Image: 480x640
2025-12-11 10:25:23.019 18765-18765 OverlayView             com.rmst.biometrics                  D  Finger: RING | Hand Confidence: 95.7481%
2025-12-11 10:25:23.019 18765-18765 ROICalculator           com.rmst.biometrics                  D  ✓ Calculated ROI: 159x18px | FingerLength: 52px | Image: 480x640
2025-12-11 10:25:23.019 18765-18765 OverlayView             com.rmst.biometrics                  D  Finger: PINKY | Hand Confidence: 95.7481%
2025-12-11 10:25:23.028 18765-18765 OverlayView             com.rmst.biometrics                  D  === Overall Quality: 95.74810028076172 | Status: GOOD ===
2025-12-11 10:25:23.062 18765-18765 ROICalculator           com.rmst.biometrics                  D  ✓ Calculated ROI: -16x91px | FingerLength: 50px | Image: 480x640
2025-12-11 10:25:23.062 18765-18765 OverlayView             com.rmst.biometrics                  D  Finger: THUMB | Hand Confidence: 83.157936%
2025-12-11 10:25:23.062 18765-18765 ROICalculator           com.rmst.biometrics                  D  ✓ Calculated ROI: 206x58px | FingerLength: 59px | Image: 480x640
2025-12-11 10:25:23.062 18765-18765 OverlayView             com.rmst.biometrics                  D  Finger: INDEX | Hand Confidence: 83.157936%
2025-12-11 10:25:23.062 18765-18765 ROICalculator           com.rmst.biometrics                  D  ✓ Calculated ROI: 233x52px | FingerLength: 72px | Image: 480x640
2025-12-11 10:25:23.062 18765-18765 OverlayView             com.rmst.biometrics                  D  Finger: MIDDLE | Hand Confidence: 83.157936%
2025-12-11 10:25:23.062 18765-18765 ROICalculator           com.rmst.biometrics                  D  ✓ Calculated ROI: 193x19px | FingerLength: 60px | Image: 480x640
2025-12-11 10:25:23.063 18765-18765 OverlayView             com.rmst.biometrics                  D  Finger: RING | Hand Confidence: 83.157936%
2025-12-11 10:25:23.063 18765-18765 ROICalculator           com.rmst.biometrics                  D  ✓ Calculated ROI: 157x14px | FingerLength: 51px | Image: 480x640
2025-12-11 10:25:23.063 18765-18765 OverlayView             com.rmst.biometrics                  D  Finger: PINKY | Hand Confidence: 83.157936%
2025-12-11 10:25:23.077 18765-18765 OverlayView             com.rmst.biometrics                  D  === Overall Quality: 83.1579360961914 | Status: GOOD ===
2025-12-11 10:25:23.104 18765-18901 RMST Biomterics         com.rmst.biometrics                  D  ✓ Detected hands on captured bitmap: 1
2025-12-11 10:25:23.104 18765-18901 RMST Biomterics         com.rmst.biometrics                  D  ====================================================
2025-12-11 10:25:23.105 18765-18901 FingerprintExtractor    com.rmst.biometrics                  D  ========== STARTING FINGERPRINT EXTRACTION ==========
2025-12-11 10:25:23.106 18765-18901 FingerprintExtractor    com.rmst.biometrics                  D  → Processing THUMB...
2025-12-11 10:25:23.106 18765-18901 ROICalculator           com.rmst.biometrics                  D  ✓ Calculated ROI: 162x14px | FingerLength: 46px | Image: 480x640
2025-12-11 10:25:23.107 18765-18901 FingerprintExtractor    com.rmst.biometrics                  D  ROI too small: 162.87418x14.023346 (minimum 30x30)
2025-12-11 10:25:23.107 18765-18901 FingerprintExtractor    com.rmst.biometrics                  W  ✗ THUMB: INVALID ROI
2025-12-11 10:25:23.107 18765-18901 FingerprintExtractor    com.rmst.biometrics                  D  → Processing INDEX...
2025-12-11 10:25:23.107 18765-18901 ROICalculator           com.rmst.biometrics                  D  ✓ Calculated ROI: 261x64px | FingerLength: 71px | Image: 480x640
2025-12-11 10:25:23.108 18765-18901 FingerprintExtractor    com.rmst.biometrics                  D  ROI valid: 261.0278x64.95369 at (41.366768, 174.14253)
2025-12-11 10:25:23.108 18765-18901 FingerprintExtractor    com.rmst.biometrics                  D    Cropped INDEX: 261x65px
2025-12-11 10:25:23.109 18765-18901 FingerprintExtractor    com.rmst.biometrics                  D    INDEX quality: 75/100 (raw crop, no enhancement)
2025-12-11 10:25:23.110 18765-18901 FingerprintExtractor    com.rmst.biometrics                  D  ✓ INDEX: ACCEPTED (261x65px)
2025-12-11 10:25:23.110 18765-18901 FingerprintExtractor    com.rmst.biometrics                  D  → Processing MIDDLE...
2025-12-11 10:25:23.110 18765-18901 ROICalculator           com.rmst.biometrics                  D  ✓ Calculated ROI: 251x50px | FingerLength: 61px | Image: 480x640
2025-12-11 10:25:23.111 18765-18901 FingerprintExtractor    com.rmst.biometrics                  D  ROI valid: 251.67297x50.852173 at (76.260315, 245.927)
2025-12-11 10:25:23.111 18765-18901 FingerprintExtractor    com.rmst.biometrics                  D    Cropped MIDDLE: 251x51px
2025-12-11 10:25:23.111 18765-18901 FingerprintExtractor    com.rmst.biometrics                  D    MIDDLE quality: 75/100 (raw crop, no enhancement)
2025-12-11 10:25:23.112 18765-18901 FingerprintExtractor    com.rmst.biometrics                  D  ✓ MIDDLE: ACCEPTED (251x51px)
2025-12-11 10:25:23.112 18765-18901 FingerprintExtractor    com.rmst.biometrics                  D  → Processing RING...
2025-12-11 10:25:23.112 18765-18901 ROICalculator           com.rmst.biometrics                  D  ✓ Calculated ROI: 220x11px | FingerLength: 58px | Image: 480x640
2025-12-11 10:25:23.112 18765-18901 FingerprintExtractor    com.rmst.biometrics                  D  ROI too small: 220.80013x11.652863 (minimum 30x30)
2025-12-11 10:25:23.112 18765-18901 FingerprintExtractor    com.rmst.biometrics                  W  ✗ RING: INVALID ROI
2025-12-11 10:25:23.112 18765-18901 FingerprintExtractor    com.rmst.biometrics                  D  → Processing PINKY...
2025-12-11 10:25:23.112 18765-18901 ROICalculator           com.rmst.biometrics                  D  ✓ Calculated ROI: 169x4px | FingerLength: 52px | Image: 480x640
2025-12-11 10:25:23.113 18765-18901 FingerprintExtractor    com.rmst.biometrics                  D  ROI too small: 169.22882x4.908661 (minimum 30x30)
2025-12-11 10:25:23.113 18765-18901 FingerprintExtractor    com.rmst.biometrics                  W  ✗ PINKY: INVALID ROI
2025-12-11 10:25:23.113 18765-18901 FingerprintExtractor    com.rmst.biometrics                  D  ========== EXTRACTION COMPLETE: 2/5 fingerprints ==========
2025-12-11 10:25:23.113 18765-18901 RMST Biomterics         com.rmst.biometrics                  D  ====================================================
2025-12-11 10:25:23.113 18765-18901 RMST Biomterics         com.rmst.biometrics                  D  ✅ SUCCESS: Extracted 2/5 fingerprints
2025-12-11 10:25:23.113 18765-18901 RMST Biomterics         com.rmst.biometrics                  D  Overall quality: 75/100
2025-12-11 10:25:23.113 18765-18901 RMST Biomterics         com.rmst.biometrics                  D    INDEX: 75/100
2025-12-11 10:25:23.113 18765-18901 RMST Biomterics         com.rmst.biometrics                  D    MIDDLE: 75/100
2025-12-11 10:25:23.113 18765-18901 RMST Biomterics         com.rmst.biometrics                  D  ====================================================
2025-12-11 10:25:23.114 18765-18901 RMST Biomterics         com.rmst.biometrics                  D  💾 Saving images to gallery...
2025-12-11 10:25:23.177 18765-18901 RMST Biomterics         com.rmst.biometrics                  D    ✓ Saved hand image: 2025-12-11-10-25-23-113_HAND
2025-12-11 10:25:23.198 18765-18765 ROICalculator           com.rmst.biometrics                  D  ✓ Calculated ROI: 64x13px | FingerLength: 51px | Image: 480x640
2025-12-11 10:25:23.198 18765-18765 OverlayView             com.rmst.biometrics                  D  Finger: THUMB | Hand Confidence: 55.34582%
2025-12-11 10:25:23.198 18765-18765 ROICalculator           com.rmst.biometrics                  D  ✓ Calculated ROI: 211x60px | FingerLength: 60px | Image: 480x640
2025-12-11 10:25:23.198 18765-18765 OverlayView             com.rmst.biometrics                  D  Finger: INDEX | Hand Confidence: 55.34582%
2025-12-11 10:25:23.198 18765-18765 ROICalculator           com.rmst.biometrics                  D  ✓ Calculated ROI: 232x43px | FingerLength: 70px | Image: 480x640
2025-12-11 10:25:23.198 18765-18765 OverlayView             com.rmst.biometrics                  D  Finger: MIDDLE | Hand Confidence: 55.34582%
2025-12-11 10:25:23.198 18765-18765 ROICalculator           com.rmst.biometrics                  D  ✓ Calculated ROI: 189x8px | FingerLength: 57px | Image: 480x640
2025-12-11 10:25:23.198 18765-18765 OverlayView             com.rmst.biometrics                  D  Finger: RING | Hand Confidence: 55.34582%
2025-12-11 10:25:23.198 18765-18765 ROICalculator           com.rmst.biometrics                  D  ✓ Calculated ROI: 154x6px | FingerLength: 48px | Image: 480x640
2025-12-11 10:25:23.199 18765-18765 OverlayView             com.rmst.biometrics                  D  Finger: PINKY | Hand Confidence: 55.34582%
2025-12-11 10:25:23.211 18765-18765 OverlayView             com.rmst.biometrics                  D  === Overall Quality: 55.345821380615234 | Status: FAIR ===
2025-12-11 10:25:23.222 18765-18901 RMST Biomterics         com.rmst.biometrics                  D    ✓ Saved INDEX: 261x65px (quality: 75)
2025-12-11 10:25:23.265 18765-18901 RMST Biomterics         com.rmst.biometrics                  D    ✓ Saved MIDDLE: 251x51px (quality: 75)
2025-12-11 10:25:23.265 18765-18901 RMST Biomterics         com.rmst.biometrics                  D  💾 All images saved to Pictures/HandLandmarker/
2025-12-11 10:25:23.315 18765-18765 ActivityThread          com.rmst.biometrics                  D  handleResumeActivity#3 r.window=com.android.internal.policy.PhoneWindow@b63e563a.mFinished = falsewillBeVisible = true
2025-12-11 10:25:23.328 18765-18765 BufferQueueConsumer     com.rmst.biometrics                  D  [](id:494d00000007,api:0,p:-1,c:18765) connect: controlledByApp=false
2025-12-11 10:25:23.329 18765-18765 BLASTBufferQueue        com.rmst.biometrics                  D  [VRI[MainActivity]#4](f:0,a:0) constructor()
2025-12-11 10:25:23.329 18765-18765 BLASTBufferQueue        com.rmst.biometrics                  D  [VRI[MainActivity]#4](f:0,a:0) update width=1080 height=2400 format=-1 mTransformHint=0
2025-12-11 10:25:23.352 18765-18785 BLASTBufferQueue        com.rmst.biometrics                  D  [VRI[MainActivity]#4](f:0,a:1) acquireNextBufferLocked size=1080x2400 mFrameNumber=1 applyTransaction=true mTimestamp=180971688451323(auto) mPendingTransactions.size=0 graphicBufferId=80595061309476 transform=0
2025-12-11 10:25:23.399 18765-18765 ROICalculator           com.rmst.biometrics                  D  ✓ Calculated ROI: 139x56px | FingerLength: 61px | Image: 480x640
2025-12-11 10:25:23.399 18765-18765 OverlayView             com.rmst.biometrics                  D  Finger: THUMB | Hand Confidence: 82.42186%
2025-12-11 10:25:23.399 18765-18765 ROICalculator           com.rmst.biometrics                  D  ✓ Calculated ROI: 212x60px | FingerLength: 61px | Image: 480x640
2025-12-11 10:25:23.399 18765-18765 OverlayView             com.rmst.biometrics                  D  Finger: INDEX | Hand Confidence: 82.42186%
2025-12-11 10:25:23.400 18765-18765 ROICalculator           com.rmst.biometrics                  D  ✓ Calculated ROI: 232x48px | FingerLength: 70px | Image: 480x640
2025-12-11 10:25:23.400 18765-18765 OverlayView             com.rmst.biometrics                  D  Finger: MIDDLE | Hand Confidence: 82.42186%
2025-12-11 10:25:23.400 18765-18765 ROICalculator           com.rmst.biometrics                  D  ✓ Calculated ROI: 198x18px | FingerLength: 61px | Image: 480x640
2025-12-11 10:25:23.400 18765-18765 OverlayView             com.rmst.biometrics                  D  Finger: RING | Hand Confidence: 82.42186%
2025-12-11 10:25:23.400 18765-18765 ROICalculator           com.rmst.biometrics                  D  ✓ Calculated ROI: 161x10px | FingerLength: 52px | Image: 480x640
2025-12-11 10:25:23.400 18765-18765 OverlayView             com.rmst.biometrics                  D  Finger: PINKY | Hand Confidence: 82.42186%
2025-12-11 10:25:23.411 18765-18765 OverlayView             com.rmst.biometrics                  D  === Overall Quality: 82.42185974121094 | Status: GOOD ===
2025-12-11 10:25:23.477 18765-18765 CameraOrientationUtil   com.rmst.biometrics                  D  getRelativeImageRotation: destRotationDegrees=0, sourceRotationDegrees=90, isOppositeFacing=true, result=90
2025-12-11 10:25:23.556 18765-18765 ROICalculator           com.rmst.biometrics                  D  ✓ Calculated ROI: 159x59px | FingerLength: 68px | Image: 480x640
2025-12-11 10:25:23.556 18765-18765 OverlayView             com.rmst.biometrics                  D  Finger: THUMB | Hand Confidence: 83.990204%
2025-12-11 10:25:23.556 18765-18765 ROICalculator           com.rmst.biometrics                  D  ✓ Calculated ROI: 214x61px | FingerLength: 61px | Image: 480x640
2025-12-11 10:25:23.556 18765-18765 OverlayView             com.rmst.biometrics                  D  Finger: INDEX | Hand Confidence: 83.990204%
2025-12-11 10:25:23.556 18765-18765 ROICalculator           com.rmst.biometrics                  D  ✓ Calculated ROI: 239x48px | FingerLength: 73px | Image: 480x640
2025-12-11 10:25:23.556 18765-18765 OverlayView             com.rmst.biometrics                  D  Finger: MIDDLE | Hand Confidence: 83.990204%
2025-12-11 10:25:23.556 18765-18765 ROICalculator           com.rmst.biometrics                  D  ✓ Calculated ROI: 200x17px | FingerLength: 61px | Image: 480x640
2025-12-11 10:25:23.556 18765-18765 OverlayView             com.rmst.biometrics                  D  Finger: RING | Hand Confidence: 83.990204%
2025-12-11 10:25:23.556 18765-18765 ROICalculator           com.rmst.biometrics                  D  ✓ Calculated ROI: 161x6px | FingerLength: 52px | Image: 480x640
2025-12-11 10:25:23.556 18765-18765 OverlayView             com.rmst.biometrics                  D  Finger: PINKY | Hand Confidence: 83.990204%
2025-12-11 10:25:23.562 18765-18765 OverlayView             com.rmst.biometrics                  D  === Overall Quality: 83.99020385742188 | Status: GOOD ===
2025-12-11 10:25:23.577 18765-18938 libMEOW                 com.rmst.biometrics                  D  meow delete tls: 0xb4000070b6e561d0
2025-12-11 10:25:23.586 18765-18917 TransportR...EventStore com.rmst.biometrics                  D  Storing event with priority=DEFAULT, name=COREML_ON_DEVICE_SOLUTIONS for destination cct
2025-12-11 10:25:23.595 18765-18917 TransportR...oScheduler com.rmst.biometrics                  D  Upload for context TransportContext(cct, DEFAULT, MSRodHRwczovL2ZpcmViYXNlbG9nZ2luZy5nb29nbGVhcGlzLmNvbS92MGNjL2xvZy9iYXRjaD9mb3JtYXQ9anNvbl9wcm90bzNc) is already scheduled. Returning...
2025-12-11 10:25:23.767 18765-18765 VRI[BiometricsActivity] com.rmst.biometrics                  D  visibilityChanged oldVisibility=true newVisibility=false
2025-12-11 10:25:23.771 18765-18765 SurfaceViewImpl         com.rmst.biometrics                  D  Surface destroyed.
2025-12-11 10:25:23.772 18765-18765 SurfaceViewImpl         com.rmst.biometrics                  D  Surface invalidated androidx.camera.core.SurfaceRequest@275b3f0
2025-12-11 10:25:23.772 18765-18765 DeferrableSurface       com.rmst.biometrics                  D  surface closed,  useCount=1 closed=true androidx.camera.core.SurfaceRequest$2@490ed69
2025-12-11 10:25:23.777 18765-18776 BLASTBufferQueue        com.rmst.biometrics                  D  [SurfaceView[com.rmst.biometrics/com.biometrics.BiometricsActivity]#3](f:0,a:1) destructor()
2025-12-11 10:25:23.777 18765-18776 BufferQueueConsumer     com.rmst.biometrics                  D  [SurfaceView[com.rmst.biometrics/com.biometrics.BiometricsActivity]#3(BLAST Consumer)3](id:494d00000006,api:4,p:1369,c:18765) disconnect
2025-12-11 10:25:23.789 18765-18765 BLASTBufferQueue        com.rmst.biometrics                  D  [VRI[BiometricsActivity]#2](f:0,a:1) destructor()
2025-12-11 10:25:23.789 18765-18765 BufferQueueConsumer     com.rmst.biometrics                  D  [VRI[BiometricsActivity]#2(BLAST Consumer)2](id:494d00000002,api:0,p:-1,c:18765) disconnect
2025-12-11 10:25:23.794 18765-18913 Camera2CameraImpl       com.rmst.biometrics                  D  {Camera@e60a5ad[id=0]} Use cases [androidx.camera.core.Preview-5f129e3d-b0e7-4726-85b1-a4f31da7f278108528420, androidx.camera.core.ImageAnalysis-cdb05773-b288-4c4c-bb23-34adb1dbbcf629427778, androidx.camera.core.ImageCapture-27b3cb97-a5a6-4c2f-9b12-0b99c4657aa079745107] now DETACHED for camera
2025-12-11 10:25:23.794 18765-18913 UseCaseAttachState      com.rmst.biometrics                  D  All use case: [] for camera: 0
2025-12-11 10:25:23.795 18765-18913 Camera2CameraImpl       com.rmst.biometrics                  D  {Camera@e60a5ad[id=0]} Resetting Capture Session
2025-12-11 10:25:23.796 18765-18765 ActivityThread          com.rmst.biometrics                  D  mToDestroying.remove:ActivityRecord{171f3ab token=android.os.BinderProxy@7d7aebe {com.rmst.biometrics/com.biometrics.BiometricsActivity}}
2025-12-11 10:25:23.796 18765-18913 Camera2CameraImpl       com.rmst.biometrics                  D  {Camera@e60a5ad[id=0]} Releasing session in state OPENED
2025-12-11 10:25:23.798 18765-18913 UseCaseAttachState      com.rmst.biometrics                  D  Active and attached use case: [] for camera: 0
2025-12-11 10:25:23.800 18765-18911 libMEOW                 com.rmst.biometrics                  D  meow delete tls: 0xb4000070b6e361b0
2025-12-11 10:25:23.802 18765-18913 UseCaseAttachState      com.rmst.biometrics                  D  Active and attached use case: [] for camera: 0
2025-12-11 10:25:23.804 18765-18765 DeferrableSurface       com.rmst.biometrics                  D  surface closed,  useCount=1 closed=true androidx.camera.core.impl.ImmediateSurface@c1a1f1c
2025-12-11 10:25:23.804 18765-18765 DeferrableSurface       com.rmst.biometrics                  D  surface closed,  useCount=1 closed=true androidx.camera.core.impl.ImmediateSurface@500b6ab
2025-12-11 10:25:23.807 18765-19052 BufferQueueProducer     com.rmst.biometrics                  E  [SurfaceView[com.rmst.biometrics/com.biometrics.BiometricsActivity]#3(BLAST Consumer)3](id:494d00000006,api:4,p:1369,c:18765) queueBuffer: BufferQueue has been abandoned
2025-12-11 10:25:23.808 18765-18765 WindowOnBackDispatcher  com.rmst.biometrics                  W  sendCancelIfRunning: isInProgress=false callback=android.view.ViewRootImpl$$ExternalSyntheticLambda12@25b231
2025-12-11 10:25:23.808 18765-18765 View                    com.rmst.biometrics                  D  [Warning] assignParent to null: this = DecorView@bcacfb5[BiometricsActivity]
2025-12-11 10:25:23.813 18765-18913 Camera2CameraImpl       com.rmst.biometrics                  D  {Camera@e60a5ad[id=0]} Closing camera.
2025-12-11 10:25:23.814 18765-18913 Camera2CameraImpl       com.rmst.biometrics                  D  {Camera@e60a5ad[id=0]} Transitioning camera internal state: OPENED --> CLOSING
2025-12-11 10:25:23.816 18765-18913 CameraStateRegistry     com.rmst.biometrics                  D  Recalculating open cameras:
                                                                                                    Camera                                       State                 
                                                                                                    -------------------------------------------------------------------
                                                                                                    Camera@818b65c[id=1]                         UNKNOWN               
                                                                                                    Camera@e60a5ad[id=0]                         CLOSING               
                                                                                                    -------------------------------------------------------------------
                                                                                                    Open count: 1 (Max allowed: 1)
2025-12-11 10:25:23.818 18765-18913 CameraStateMachine      com.rmst.biometrics                  D  New public camera state CameraState{type=CLOSING, error=null} from CLOSING and null
2025-12-11 10:25:23.818 18765-18913 CameraStateMachine      com.rmst.biometrics                  D  Publishing new public camera state CameraState{type=CLOSING, error=null}
2025-12-11 10:25:23.819 18765-18913 Camera2CameraImpl       com.rmst.biometrics                  D  {Camera@e60a5ad[id=0]} Resetting Capture Session
2025-12-11 10:25:23.821 18765-18913 Camera2CameraImpl       com.rmst.biometrics                  D  {Camera@e60a5ad[id=0]} Releasing session in state CLOSING
2025-12-11 10:25:23.822 18765-18913 CaptureSession          com.rmst.biometrics                  D  onSessionFinished()
2025-12-11 10:25:23.829 18765-18765 StreamStateObserver     com.rmst.biometrics                  D  Update Preview stream state to IDLE
2025-12-11 10:25:23.847 18765-19052 BufferQueueProducer     com.rmst.biometrics                  E  [SurfaceView[com.rmst.biometrics/com.biometrics.BiometricsActivity]#3(BLAST Consumer)3](id:494d00000006,api:4,p:1369,c:18765) queueBuffer: BufferQueue has been abandoned
2025-12-11 10:25:23.855 18765-19042 BufferQueueProducer     com.rmst.biometrics                  E  [SurfaceView[com.rmst.biometrics/com.biometrics.BiometricsActivity]#3(BLAST Consumer)3](id:494d00000006,api:4,p:1369,c:18765) cancelBuffer: BufferQueue has been abandoned
2025-12-11 10:25:23.856 18765-19042 BufferQueueProducer     com.rmst.biometrics                  E  [SurfaceView[com.rmst.biometrics/com.biometrics.BiometricsActivity]#3(BLAST Consumer)3](id:494d00000006,api:4,p:1369,c:18765) cancelBuffer: BufferQueue has been abandoned
2025-12-11 10:25:23.858 18765-19042 BufferQueueProducer     com.rmst.biometrics                  E  [SurfaceView[com.rmst.biometrics/com.biometrics.BiometricsActivity]#3(BLAST Consumer)3](id:494d00000006,api:4,p:1369,c:18765) cancelBuffer: BufferQueue has been abandoned
2025-12-11 10:25:23.881 18765-19052 BufferQueueProducer     com.rmst.biometrics                  E  [SurfaceView[com.rmst.biometrics/com.biometrics.BiometricsActivity]#3(BLAST Consumer)3](id:494d00000006,api:4,p:1369,c:18765) queueBuffer: BufferQueue has been abandoned
2025-12-11 10:25:23.991 18765-18913 UseCaseAttachState      com.rmst.biometrics                  D  Active and attached use case: [] for camera: 0
2025-12-11 10:25:23.994 18765-18913 DeferrableSurface       com.rmst.biometrics                  D  use count-1,  useCount=0 closed=true androidx.camera.core.SurfaceRequest$2@490ed69
2025-12-11 10:25:23.994 18765-18913 DeferrableSurface       com.rmst.biometrics                  D  Surface no longer in use[total_surfaces=3, used_surfaces=2](androidx.camera.core.SurfaceRequest$2@490ed69}
2025-12-11 10:25:23.995 18765-18913 DeferrableSurface       com.rmst.biometrics                  D  Surface terminated[total_surfaces=2, used_surfaces=2](androidx.camera.core.SurfaceRequest$2@490ed69}
2025-12-11 10:25:23.996 18765-18913 DeferrableSurface       com.rmst.biometrics                  D  use count-1,  useCount=0 closed=true androidx.camera.core.impl.ImmediateSurface@500b6ab
2025-12-11 10:25:23.996 18765-18765 SurfaceViewImpl         com.rmst.biometrics                  D  Safe to release surface.
2025-12-11 10:25:23.996 18765-18913 DeferrableSurface       com.rmst.biometrics                  D  Surface no longer in use[total_surfaces=2, used_surfaces=1](androidx.camera.core.impl.ImmediateSurface@500b6ab}
2025-12-11 10:25:23.996 18765-18913 DeferrableSurface       com.rmst.biometrics                  D  Surface terminated[total_surfaces=1, used_surfaces=1](androidx.camera.core.impl.ImmediateSurface@500b6ab}
2025-12-11 10:25:23.997 18765-18913 DeferrableSurface       com.rmst.biometrics                  D  use count-1,  useCount=0 closed=true androidx.camera.core.impl.ImmediateSurface@c1a1f1c
2025-12-11 10:25:23.997 18765-18765 BufferQueueConsumer     com.rmst.biometrics                  D  [ImageReader-4064x3048f21m2-18765-2](id:494d00000005,api:0,p:-1,c:18765) disconnect
2025-12-11 10:25:23.997 18765-18913 DeferrableSurface       com.rmst.biometrics                  D  Surface no longer in use[total_surfaces=1, used_surfaces=0](androidx.camera.core.impl.ImmediateSurface@c1a1f1c}
2025-12-11 10:25:23.997 18765-18913 DeferrableSurface       com.rmst.biometrics                  D  Surface terminated[total_surfaces=0, used_surfaces=0](androidx.camera.core.impl.ImmediateSurface@c1a1f1c}
2025-12-11 10:25:23.998 18765-18765 BufferQueueConsumer     com.rmst.biometrics                  D  [ImageReader-640x480f23m4-18765-0](id:494d00000003,api:0,p:-1,c:18765) disconnect
2025-12-11 10:25:23.998 18765-18765 BufferQueueConsumer     com.rmst.biometrics                  D  [ImageReader-640x480f1m4-18765-1](id:494d00000004,api:0,p:-1,c:18765) disconnect
2025-12-11 10:25:23.999 18765-18913 Camera2CameraImpl       com.rmst.biometrics                  D  {Camera@e60a5ad[id=0]} CameraDevice.onClosed()
2025-12-11 10:25:23.999 18765-18913 Camera2CameraImpl       com.rmst.biometrics                  D  {Camera@e60a5ad[id=0]} Transitioning camera internal state: CLOSING --> INITIALIZED
2025-12-11 10:25:24.000 18765-18913 CameraStateRegistry     com.rmst.biometrics                  D  Recalculating open cameras:
                                                                                                    Camera                                       State                 
                                                                                                    -------------------------------------------------------------------
                                                                                                    Camera@818b65c[id=1]                         UNKNOWN               
                                                                                                    Camera@e60a5ad[id=0]                         CLOSED                
                                                                                                    -------------------------------------------------------------------
                                                                                                    Open count: 0 (Max allowed: 1)
2025-12-11 10:25:24.000 18765-18913 CameraStateMachine      com.rmst.biometrics                  D  New public camera state CameraState{type=CLOSED, error=null} from CLOSED and null
2025-12-11 10:25:24.000 18765-18913 CameraStateMachine      com.rmst.biometrics                  D  Publishing new public camera state CameraState{type=CLOSED, error=null}
2025-12-11 10:25:37.277 18765-18765 TextSelection           com.rmst.biometrics                  D  onUseCache cache=false
2025-12-11 10:25:37.361 18765-18765 os.SingleLice           com.rmst.biometrics                  D  instance successfully. com.transsion.dragdrop.v1.DragDropLice@cdc55a from com.transsion.dragdrop.DragDropLiceFactory
2025-12-11 10:25:37.362 18765-18765 os.SingleLiceFactory    com.rmst.biometrics                  D  instance successfully. com.transsion.dragdrop.v1.DragDropLice@cdc55a from android.view.IViewLice
2025-12-11 10:25:37.362 18765-18765 os.LiceInfo             com.rmst.biometrics                  D  instance successfully. com.transsion.view.ViewLice@75aa38b from android.view.IViewLice
2025-12-11 10:25:38.173 18765-18765 VRI[MainActivity]       com.rmst.biometrics                  D  visibilityChanged oldVisibility=true newVisibility=false
2025-12-11 10:25:38.223 18765-18765 BLASTBufferQueue        com.rmst.biometrics                  D  [VRI[MainActivity]#4](f:0,a:1) destructor()
2025-12-11 10:25:38.223 18765-18765 BufferQueueConsumer     com.rmst.biometrics                  D  [VRI[MainActivity]#4(BLAST Consumer)4](id:494d00000007,api:0,p:-1,c:18765) disconnect
