2025-12-11 01:33:58.496 16176-16176 ROICalculator           com.rmst.biometrics                  D  ✓ Calculated ROI: 117x17px | FingerLength: 36px | Image: 480x640
2025-12-11 01:33:58.497 16176-16176 OverlayView             com.rmst.biometrics                  D  Finger: THUMB | Hand Confidence: 99.630356%
2025-12-11 01:33:58.497 16176-16176 ROICalculator           com.rmst.biometrics                  D  ✓ Calculated ROI: 239x68px | FingerLength: 65px | Image: 480x640
2025-12-11 01:33:58.498 16176-16176 OverlayView             com.rmst.biometrics                  D  Finger: INDEX | Hand Confidence: 99.630356%
2025-12-11 01:33:58.498 16176-16176 ROICalculator           com.rmst.biometrics                  D  ✓ Calculated ROI: 242x39px | FingerLength: 64px | Image: 480x640
2025-12-11 01:33:58.498 16176-16176 OverlayView             com.rmst.biometrics                  D  Finger: MIDDLE | Hand Confidence: 99.630356%
2025-12-11 01:33:58.498 16176-16176 ROICalculator           com.rmst.biometrics                  D  ✓ Calculated ROI: 230x17px | FingerLength: 65px | Image: 480x640
2025-12-11 01:33:58.498 16176-16176 OverlayView             com.rmst.biometrics                  D  Finger: RING | Hand Confidence: 99.630356%
2025-12-11 01:33:58.498 16176-16176 ROICalculator           com.rmst.biometrics                  D  ✓ Calculated ROI: 175x23px | FingerLength: 54px | Image: 480x640
2025-12-11 01:33:58.498 16176-16176 OverlayView             com.rmst.biometrics                  D  Finger: PINKY | Hand Confidence: 99.630356%
2025-12-11 01:33:58.503 16176-16250 UseCaseAttachState      com.rmst.biometrics                  D  Active and attached use case: [androidx.camera.core.ImageCapture-b239b67c-1f14-4f66-9cc4-f9dc09e4c366253351570, androidx.camera.core.ImageAnalysis-fff33f9d-8313-4172-ba53-ef10db35111186201373, androidx.camera.core.Preview-6867242f-8e0b-4e8f-88f3-d6d40a1a5c009663732] for camera: 0
2025-12-11 01:33:58.513 16176-16176 OverlayView             com.rmst.biometrics                  D  === Overall Quality: 99.63035583496094 | Status: GOOD ===
2025-12-11 01:33:58.514 16176-16250 CaptureSession          com.rmst.biometrics                  D  Attempting to submit CaptureRequest after setting
2025-12-11 01:33:58.514 16176-16250 CaptureSession          com.rmst.biometrics                  D  Issuing request for session.
2025-12-11 01:33:58.518 16176-16250 Camera2Cap...estBuilder com.rmst.biometrics                  D  createCaptureRequest
2025-12-11 01:33:58.536 16176-16250 Camera2CameraImpl       com.rmst.biometrics                  D  {Camera@861c94[id=0]} Issue capture request
2025-12-11 01:33:58.536 16176-16250 CaptureSession          com.rmst.biometrics                  D  Issuing capture request.
2025-12-11 01:33:58.540 16176-16250 Camera2Cap...estBuilder com.rmst.biometrics                  D  createCaptureRequest
2025-12-11 01:33:58.552 16176-16250 UseCaseAttachState      com.rmst.biometrics                  D  Active and attached use case: [androidx.camera.core.ImageCapture-b239b67c-1f14-4f66-9cc4-f9dc09e4c366253351570, androidx.camera.core.ImageAnalysis-fff33f9d-8313-4172-ba53-ef10db35111186201373, androidx.camera.core.Preview-6867242f-8e0b-4e8f-88f3-d6d40a1a5c009663732] for camera: 0
2025-12-11 01:33:58.571 16176-16250 CaptureSession          com.rmst.biometrics                  D  Attempting to submit CaptureRequest after setting
2025-12-11 01:33:58.572 16176-16250 CaptureSession          com.rmst.biometrics                  D  Issuing request for session.
2025-12-11 01:33:58.574 16176-16250 Camera2Cap...estBuilder com.rmst.biometrics                  D  createCaptureRequest
2025-12-11 01:33:58.579 16176-16250 Camera2CameraImpl       com.rmst.biometrics                  D  {Camera@861c94[id=0]} Issue capture request
2025-12-11 01:33:58.580 16176-16250 CaptureSession          com.rmst.biometrics                  D  Issuing capture request.
2025-12-11 01:33:58.581 16176-16176 ROICalculator           com.rmst.biometrics                  D  ✓ Calculated ROI: 34x123px | FingerLength: 50px | Image: 480x640
2025-12-11 01:33:58.581 16176-16176 OverlayView             com.rmst.biometrics                  D  Finger: THUMB | Hand Confidence: 96.20722%
2025-12-11 01:33:58.581 16176-16176 ROICalculator           com.rmst.biometrics                  D  ✓ Calculated ROI: 229x25px | FingerLength: 59px | Image: 480x640
2025-12-11 01:33:58.581 16176-16176 OverlayView             com.rmst.biometrics                  D  Finger: INDEX | Hand Confidence: 96.20722%
2025-12-11 01:33:58.581 16176-16176 ROICalculator           com.rmst.biometrics                  D  ✓ Calculated ROI: 245x48px | FingerLength: 63px | Image: 480x640
2025-12-11 01:33:58.581 16176-16176 OverlayView             com.rmst.biometrics                  D  Finger: MIDDLE | Hand Confidence: 96.20722%
2025-12-11 01:33:58.582 16176-16176 ROICalculator           com.rmst.biometrics                  D  ✓ Calculated ROI: 209x45px | FingerLength: 54px | Image: 480x640
2025-12-11 01:33:58.582 16176-16176 OverlayView             com.rmst.biometrics                  D  Finger: RING | Hand Confidence: 96.20722%
2025-12-11 01:33:58.582 16176-16176 ROICalculator           com.rmst.biometrics                  D  ✓ Calculated ROI: 159x40px | FingerLength: 41px | Image: 480x640
2025-12-11 01:33:58.582 16176-16176 OverlayView             com.rmst.biometrics                  D  Finger: PINKY | Hand Confidence: 96.20722%
2025-12-11 01:33:58.584 16176-16250 Camera2Cap...estBuilder com.rmst.biometrics                  D  createCaptureRequest
2025-12-11 01:33:58.590 16176-16176 OverlayView             com.rmst.biometrics                  D  === Overall Quality: 96.20722198486328 | Status: GOOD ===
2025-12-11 01:33:58.638 16176-16176 ROICalculator           com.rmst.biometrics                  D  ✓ Calculated ROI: 216x52px | FingerLength: 63px | Image: 480x640
2025-12-11 01:33:58.638 16176-16176 OverlayView             com.rmst.biometrics                  D  Finger: THUMB | Hand Confidence: 97.9899%
2025-12-11 01:33:58.638 16176-16176 ROICalculator           com.rmst.biometrics                  D  ✓ Calculated ROI: 212x59px | FingerLength: 59px | Image: 480x640
2025-12-11 01:33:58.638 16176-16176 OverlayView             com.rmst.biometrics                  D  Finger: INDEX | Hand Confidence: 97.9899%
2025-12-11 01:33:58.639 16176-16176 ROICalculator           com.rmst.biometrics                  D  ✓ Calculated ROI: 244x68px | FingerLength: 67px | Image: 480x640
2025-12-11 01:33:58.639 16176-16176 OverlayView             com.rmst.biometrics                  D  Finger: MIDDLE | Hand Confidence: 97.9899%
2025-12-11 01:33:58.639 16176-16176 ROICalculator           com.rmst.biometrics                  D  ✓ Calculated ROI: 211x56px | FingerLength: 57px | Image: 480x640
2025-12-11 01:33:58.639 16176-16176 OverlayView             com.rmst.biometrics                  D  Finger: RING | Hand Confidence: 97.9899%
2025-12-11 01:33:58.639 16176-16176 ROICalculator           com.rmst.biometrics                  D  ✓ Calculated ROI: 156x35px | FingerLength: 46px | Image: 480x640
2025-12-11 01:33:58.639 16176-16176 OverlayView             com.rmst.biometrics                  D  Finger: PINKY | Hand Confidence: 97.9899%
2025-12-11 01:33:58.640 16176-16176 OverlayView             com.rmst.biometrics                  D  === Overall Quality: 97.98989868164062 | Status: GOOD ===
2025-12-11 01:33:58.688 16176-16176 ROICalculator           com.rmst.biometrics                  D  ✓ Calculated ROI: 45x91px | FingerLength: 58px | Image: 480x640
2025-12-11 01:33:58.688 16176-16176 OverlayView             com.rmst.biometrics                  D  Finger: THUMB | Hand Confidence: 88.45565%
2025-12-11 01:33:58.688 16176-16176 ROICalculator           com.rmst.biometrics                  D  ✓ Calculated ROI: 205x54px | FingerLength: 58px | Image: 480x640
2025-12-11 01:33:58.688 16176-16176 OverlayView             com.rmst.biometrics                  D  Finger: INDEX | Hand Confidence: 88.45565%
2025-12-11 01:33:58.688 16176-16176 ROICalculator           com.rmst.biometrics                  D  ✓ Calculated ROI: 229x55px | FingerLength: 67px | Image: 480x640
2025-12-11 01:33:58.689 16176-16176 OverlayView             com.rmst.biometrics                  D  Finger: MIDDLE | Hand Confidence: 88.45565%
2025-12-11 01:33:58.689 16176-16176 ROICalculator           com.rmst.biometrics                  D  ✓ Calculated ROI: 208x49px | FingerLength: 60px | Image: 480x640
2025-12-11 01:33:58.689 16176-16176 OverlayView             com.rmst.biometrics                  D  Finger: RING | Hand Confidence: 88.45565%
2025-12-11 01:33:58.689 16176-16176 ROICalculator           com.rmst.biometrics                  D  ✓ Calculated ROI: 168x40px | FingerLength: 50px | Image: 480x640
2025-12-11 01:33:58.689 16176-16176 OverlayView             com.rmst.biometrics                  D  Finger: PINKY | Hand Confidence: 88.45565%
2025-12-11 01:33:58.707 16176-16176 OverlayView             com.rmst.biometrics                  D  === Overall Quality: 88.45565032958984 | Status: GOOD ===
2025-12-11 01:33:58.756 16176-16176 ROICalculator           com.rmst.biometrics                  D  ✓ Calculated ROI: 76x66px | FingerLength: 61px | Image: 480x640
2025-12-11 01:33:58.756 16176-16176 OverlayView             com.rmst.biometrics                  D  Finger: THUMB | Hand Confidence: 92.98165%
2025-12-11 01:33:58.757 16176-16176 ROICalculator           com.rmst.biometrics                  D  ✓ Calculated ROI: 213x49px | FingerLength: 61px | Image: 480x640
2025-12-11 01:33:58.757 16176-16176 OverlayView             com.rmst.biometrics                  D  Finger: INDEX | Hand Confidence: 92.98165%
2025-12-11 01:33:58.757 16176-16176 ROICalculator           com.rmst.biometrics                  D  ✓ Calculated ROI: 228x66px | FingerLength: 67px | Image: 480x640
2025-12-11 01:33:58.757 16176-16176 OverlayView             com.rmst.biometrics                  D  Finger: MIDDLE | Hand Confidence: 92.98165%
2025-12-11 01:33:58.757 16176-16176 ROICalculator           com.rmst.biometrics                  D  ✓ Calculated ROI: 205x45px | FingerLength: 62px | Image: 480x640
2025-12-11 01:33:58.757 16176-16176 OverlayView             com.rmst.biometrics                  D  Finger: RING | Hand Confidence: 92.98165%
2025-12-11 01:33:58.757 16176-16176 ROICalculator           com.rmst.biometrics                  D  ✓ Calculated ROI: 167x44px | FingerLength: 51px | Image: 480x640
2025-12-11 01:33:58.757 16176-16176 OverlayView             com.rmst.biometrics                  D  Finger: PINKY | Hand Confidence: 92.98165%
2025-12-11 01:33:58.774 16176-16176 OverlayView             com.rmst.biometrics                  D  === Overall Quality: 92.98165130615234 | Status: GOOD ===
2025-12-11 01:33:58.793 16176-16176 ROICalculator           com.rmst.biometrics                  D  ✓ Calculated ROI: 68x50px | FingerLength: 62px | Image: 480x640
2025-12-11 01:33:58.793 16176-16176 OverlayView             com.rmst.biometrics                  D  Finger: THUMB | Hand Confidence: 94.75651%
2025-12-11 01:33:58.793 16176-16176 ROICalculator           com.rmst.biometrics                  D  ✓ Calculated ROI: 210x43px | FingerLength: 59px | Image: 480x640
2025-12-11 01:33:58.793 16176-16176 OverlayView             com.rmst.biometrics                  D  Finger: INDEX | Hand Confidence: 94.75651%
2025-12-11 01:33:58.794 16176-16176 ROICalculator           com.rmst.biometrics                  D  ✓ Calculated ROI: 228x68px | FingerLength: 67px | Image: 480x640
2025-12-11 01:33:58.794 16176-16176 OverlayView             com.rmst.biometrics                  D  Finger: MIDDLE | Hand Confidence: 94.75651%
2025-12-11 01:33:58.794 16176-16176 ROICalculator           com.rmst.biometrics                  D  ✓ Calculated ROI: 202x51px | FingerLength: 61px | Image: 480x640
2025-12-11 01:33:58.794 16176-16176 OverlayView             com.rmst.biometrics                  D  Finger: RING | Hand Confidence: 94.75651%
2025-12-11 01:33:58.794 16176-16176 ROICalculator           com.rmst.biometrics                  D  ✓ Calculated ROI: 165x46px | FingerLength: 50px | Image: 480x640
2025-12-11 01:33:58.794 16176-16176 OverlayView             com.rmst.biometrics                  D  Finger: PINKY | Hand Confidence: 94.75651%
2025-12-11 01:33:58.807 16176-16176 OverlayView             com.rmst.biometrics                  D  === Overall Quality: 94.75650787353516 | Status: GOOD ===
2025-12-11 01:33:58.839 16176-16176 ROICalculator           com.rmst.biometrics                  D  ✓ Calculated ROI: 78x36px | FingerLength: 66px | Image: 480x640
2025-12-11 01:33:58.839 16176-16176 OverlayView             com.rmst.biometrics                  D  Finger: THUMB | Hand Confidence: 94.709755%
2025-12-11 01:33:58.839 16176-16176 ROICalculator           com.rmst.biometrics                  D  ✓ Calculated ROI: 204x40px | FingerLength: 57px | Image: 480x640
2025-12-11 01:33:58.839 16176-16176 OverlayView             com.rmst.biometrics                  D  Finger: INDEX | Hand Confidence: 94.709755%
2025-12-11 01:33:58.839 16176-16176 ROICalculator           com.rmst.biometrics                  D  ✓ Calculated ROI: 225x59px | FingerLength: 65px | Image: 480x640
2025-12-11 01:33:58.840 16176-16176 OverlayView             com.rmst.biometrics                  D  Finger: MIDDLE | Hand Confidence: 94.709755%
2025-12-11 01:33:58.840 16176-16176 ROICalculator           com.rmst.biometrics                  D  ✓ Calculated ROI: 201x59px | FingerLength: 59px | Image: 480x640
2025-12-11 01:33:58.840 16176-16176 OverlayView             com.rmst.biometrics                  D  Finger: RING | Hand Confidence: 94.709755%
2025-12-11 01:33:58.840 16176-16176 ROICalculator           com.rmst.biometrics                  D  ✓ Calculated ROI: 160x50px | FingerLength: 48px | Image: 480x640
2025-12-11 01:33:58.840 16176-16176 OverlayView             com.rmst.biometrics                  D  Finger: PINKY | Hand Confidence: 94.709755%
2025-12-11 01:33:58.857 16176-16176 OverlayView             com.rmst.biometrics                  D  === Overall Quality: 94.70975494384766 | Status: GOOD ===
2025-12-11 01:33:58.886 16176-16176 ROICalculator           com.rmst.biometrics                  D  ✓ Calculated ROI: 70x39px | FingerLength: 64px | Image: 480x640
2025-12-11 01:33:58.886 16176-16176 OverlayView             com.rmst.biometrics                  D  Finger: THUMB | Hand Confidence: 93.78884%
2025-12-11 01:33:58.886 16176-16176 ROICalculator           com.rmst.biometrics                  D  ✓ Calculated ROI: 205x35px | FingerLength: 58px | Image: 480x640
2025-12-11 01:33:58.887 16176-16176 OverlayView             com.rmst.biometrics                  D  Finger: INDEX | Hand Confidence: 93.78884%
2025-12-11 01:33:58.887 16176-16176 ROICalculator           com.rmst.biometrics                  D  ✓ Calculated ROI: 223x54px | FingerLength: 64px | Image: 480x640
2025-12-11 01:33:58.887 16176-16176 OverlayView             com.rmst.biometrics                  D  Finger: MIDDLE | Hand Confidence: 93.78884%
2025-12-11 01:33:58.887 16176-16176 ROICalculator           com.rmst.biometrics                  D  ✓ Calculated ROI: 198x59px | FingerLength: 58px | Image: 480x640
2025-12-11 01:33:58.887 16176-16176 OverlayView             com.rmst.biometrics                  D  Finger: RING | Hand Confidence: 93.78884%
2025-12-11 01:33:58.887 16176-16176 ROICalculator           com.rmst.biometrics                  D  ✓ Calculated ROI: 160x49px | FingerLength: 48px | Image: 480x640
2025-12-11 01:33:58.887 16176-16176 OverlayView             com.rmst.biometrics                  D  Finger: PINKY | Hand Confidence: 93.78884%
2025-12-11 01:33:58.890 16176-16176 OverlayView             com.rmst.biometrics                  D  === Overall Quality: 93.7888412475586 | Status: GOOD ===
2025-12-11 01:33:58.926 16176-16176 ROICalculator           com.rmst.biometrics                  D  ✓ Calculated ROI: 70x47px | FingerLength: 63px | Image: 480x640
2025-12-11 01:33:58.926 16176-16176 OverlayView             com.rmst.biometrics                  D  Finger: THUMB | Hand Confidence: 92.415085%
2025-12-11 01:33:58.926 16176-16176 ROICalculator           com.rmst.biometrics                  D  ✓ Calculated ROI: 201x32px | FingerLength: 56px | Image: 480x640
2025-12-11 01:33:58.927 16176-16176 OverlayView             com.rmst.biometrics                  D  Finger: INDEX | Hand Confidence: 92.415085%
2025-12-11 01:33:58.927 16176-16176 ROICalculator           com.rmst.biometrics                  D  ✓ Calculated ROI: 221x52px | FingerLength: 63px | Image: 480x640
2025-12-11 01:33:58.927 16176-16176 OverlayView             com.rmst.biometrics                  D  Finger: MIDDLE | Hand Confidence: 92.415085%
2025-12-11 01:33:58.927 16176-16176 ROICalculator           com.rmst.biometrics                  D  ✓ Calculated ROI: 197x60px | FingerLength: 58px | Image: 480x640
2025-12-11 01:33:58.927 16176-16176 OverlayView             com.rmst.biometrics                  D  Finger: RING | Hand Confidence: 92.415085%
2025-12-11 01:33:58.927 16176-16176 ROICalculator           com.rmst.biometrics                  D  ✓ Calculated ROI: 160x49px | FingerLength: 48px | Image: 480x640
2025-12-11 01:33:58.927 16176-16176 OverlayView             com.rmst.biometrics                  D  Finger: PINKY | Hand Confidence: 92.415085%
2025-12-11 01:33:58.940 16176-16176 OverlayView             com.rmst.biometrics                  D  === Overall Quality: 92.41508483886719 | Status: GOOD ===
2025-12-11 01:33:58.967 16176-16176 ROICalculator           com.rmst.biometrics                  D  ✓ Calculated ROI: 76x41px | FingerLength: 63px | Image: 480x640
2025-12-11 01:33:58.967 16176-16176 OverlayView             com.rmst.biometrics                  D  Finger: THUMB | Hand Confidence: 92.56424%
2025-12-11 01:33:58.967 16176-16176 ROICalculator           com.rmst.biometrics                  D  ✓ Calculated ROI: 197x33px | FingerLength: 55px | Image: 480x640
2025-12-11 01:33:58.967 16176-16176 OverlayView             com.rmst.biometrics                  D  Finger: INDEX | Hand Confidence: 92.56424%
2025-12-11 01:33:58.968 16176-16176 ROICalculator           com.rmst.biometrics                  D  ✓ Calculated ROI: 213x55px | FingerLength: 61px | Image: 480x640
2025-12-11 01:33:58.968 16176-16176 OverlayView             com.rmst.biometrics                  D  Finger: MIDDLE | Hand Confidence: 92.56424%
2025-12-11 01:33:58.968 16176-16176 ROICalculator           com.rmst.biometrics                  D  ✓ Calculated ROI: 191x55px | FingerLength: 56px | Image: 480x640
2025-12-11 01:33:58.968 16176-16176 OverlayView             com.rmst.biometrics                  D  Finger: RING | Hand Confidence: 92.56424%
2025-12-11 01:33:58.968 16176-16176 ROICalculator           com.rmst.biometrics                  D  ✓ Calculated ROI: 157x45px | FingerLength: 48px | Image: 480x640
2025-12-11 01:33:58.968 16176-16176 OverlayView             com.rmst.biometrics                  D  Finger: PINKY | Hand Confidence: 92.56424%
2025-12-11 01:33:58.973 16176-16176 OverlayView             com.rmst.biometrics                  D  === Overall Quality: 92.56423950195312 | Status: GOOD ===
2025-12-11 01:33:59.021 16176-16181 rmst.biometrics         com.rmst.biometrics                  I  Background concurrent mark compact GC freed 932KB AllocSpace bytes, 10(11MB) LOS objects, 65% free, 6553KB/18MB, paused 280us,7.743ms total 59.666ms
2025-12-11 01:33:59.037 16176-16176 ROICalculator           com.rmst.biometrics                  D  ✓ Calculated ROI: 67x43px | FingerLength: 57px | Image: 480x640
2025-12-11 01:33:59.037 16176-16176 OverlayView             com.rmst.biometrics                  D  Finger: THUMB | Hand Confidence: 92.62716%
2025-12-11 01:33:59.037 16176-16176 ROICalculator           com.rmst.biometrics                  D  ✓ Calculated ROI: 190x36px | FingerLength: 53px | Image: 480x640
2025-12-11 01:33:59.037 16176-16176 OverlayView             com.rmst.biometrics                  D  Finger: INDEX | Hand Confidence: 92.62716%
2025-12-11 01:33:59.037 16176-16176 ROICalculator           com.rmst.biometrics                  D  ✓ Calculated ROI: 209x55px | FingerLength: 60px | Image: 480x640
2025-12-11 01:33:59.037 16176-16176 OverlayView             com.rmst.biometrics                  D  Finger: MIDDLE | Hand Confidence: 92.62716%
2025-12-11 01:33:59.037 16176-16176 ROICalculator           com.rmst.biometrics                  D  ✓ Calculated ROI: 188x56px | FingerLength: 55px | Image: 480x640
2025-12-11 01:33:59.037 16176-16176 OverlayView             com.rmst.biometrics                  D  Finger: RING | Hand Confidence: 92.62716%
2025-12-11 01:33:59.037 16176-16176 ROICalculator           com.rmst.biometrics                  D  ✓ Calculated ROI: 155x44px | FingerLength: 47px | Image: 480x640
2025-12-11 01:33:59.037 16176-16176 OverlayView             com.rmst.biometrics                  D  Finger: PINKY | Hand Confidence: 92.62716%
2025-12-11 01:33:59.040 16176-16176 OverlayView             com.rmst.biometrics                  D  === Overall Quality: 92.62715911865234 | Status: GOOD ===
2025-12-11 01:33:59.087 16176-16176 ROICalculator           com.rmst.biometrics                  D  ✓ Calculated ROI: 55x55px | FingerLength: 56px | Image: 480x640
2025-12-11 01:33:59.088 16176-16176 OverlayView             com.rmst.biometrics                  D  Finger: THUMB | Hand Confidence: 93.49229%
2025-12-11 01:33:59.088 16176-16176 ROICalculator           com.rmst.biometrics                  D  ✓ Calculated ROI: 187x33px | FingerLength: 52px | Image: 480x640
2025-12-11 01:33:59.088 16176-16176 OverlayView             com.rmst.biometrics                  D  Finger: INDEX | Hand Confidence: 93.49229%
2025-12-11 01:33:59.088 16176-16176 ROICalculator           com.rmst.biometrics                  D  ✓ Calculated ROI: 208x49px | FingerLength: 59px | Image: 480x640
2025-12-11 01:33:59.088 16176-16176 OverlayView             com.rmst.biometrics                  D  Finger: MIDDLE | Hand Confidence: 93.49229%
2025-12-11 01:33:59.088 16176-16176 ROICalculator           com.rmst.biometrics                  D  ✓ Calculated ROI: 185x52px | FingerLength: 54px | Image: 480x640
2025-12-11 01:33:59.088 16176-16176 OverlayView             com.rmst.biometrics                  D  Finger: RING | Hand Confidence: 93.49229%
2025-12-11 01:33:59.088 16176-16176 ROICalculator           com.rmst.biometrics                  D  ✓ Calculated ROI: 151x44px | FingerLength: 46px | Image: 480x640
2025-12-11 01:33:59.088 16176-16176 OverlayView             com.rmst.biometrics                  D  Finger: PINKY | Hand Confidence: 93.49229%
2025-12-11 01:33:59.107 16176-16176 OverlayView             com.rmst.biometrics                  D  === Overall Quality: 93.4922866821289 | Status: GOOD ===
2025-12-11 01:33:59.127 16176-16176 ROICalculator           com.rmst.biometrics                  D  ✓ Calculated ROI: 47x57px | FingerLength: 57px | Image: 480x640
2025-12-11 01:33:59.127 16176-16176 OverlayView             com.rmst.biometrics                  D  Finger: THUMB | Hand Confidence: 91.66362%
2025-12-11 01:33:59.127 16176-16176 ROICalculator           com.rmst.biometrics                  D  ✓ Calculated ROI: 185x33px | FingerLength: 52px | Image: 480x640
2025-12-11 01:33:59.127 16176-16176 OverlayView             com.rmst.biometrics                  D  Finger: INDEX | Hand Confidence: 91.66362%
2025-12-11 01:33:59.127 16176-16176 ROICalculator           com.rmst.biometrics                  D  ✓ Calculated ROI: 207x56px | FingerLength: 60px | Image: 480x640
2025-12-11 01:33:59.127 16176-16176 OverlayView             com.rmst.biometrics                  D  Finger: MIDDLE | Hand Confidence: 91.66362%
2025-12-11 01:33:59.127 16176-16176 ROICalculator           com.rmst.biometrics                  D  ✓ Calculated ROI: 187x57px | FingerLength: 55px | Image: 480x640
2025-12-11 01:33:59.127 16176-16176 OverlayView             com.rmst.biometrics                  D  Finger: RING | Hand Confidence: 91.66362%
2025-12-11 01:33:59.127 16176-16176 ROICalculator           com.rmst.biometrics                  D  ✓ Calculated ROI: 154x44px | FingerLength: 47px | Image: 480x640
2025-12-11 01:33:59.128 16176-16176 OverlayView             com.rmst.biometrics                  D  Finger: PINKY | Hand Confidence: 91.66362%
2025-12-11 01:33:59.140 16176-16176 OverlayView             com.rmst.biometrics                  D  === Overall Quality: 91.66361999511719 | Status: GOOD ===
2025-12-11 01:33:59.171 16176-16176 ROICalculator           com.rmst.biometrics                  D  ✓ Calculated ROI: 45x59px | FingerLength: 58px | Image: 480x640
2025-12-11 01:33:59.171 16176-16176 OverlayView             com.rmst.biometrics                  D  Finger: THUMB | Hand Confidence: 91.98386%
2025-12-11 01:33:59.171 16176-16176 ROICalculator           com.rmst.biometrics                  D  ✓ Calculated ROI: 185x38px | FingerLength: 52px | Image: 480x640
2025-12-11 01:33:59.171 16176-16176 OverlayView             com.rmst.biometrics                  D  Finger: INDEX | Hand Confidence: 91.98386%
2025-12-11 01:33:59.171 16176-16176 ROICalculator           com.rmst.biometrics                  D  ✓ Calculated ROI: 206x58px | FingerLength: 59px | Image: 480x640
2025-12-11 01:33:59.171 16176-16176 OverlayView             com.rmst.biometrics                  D  Finger: MIDDLE | Hand Confidence: 91.98386%
2025-12-11 01:33:59.171 16176-16176 ROICalculator           com.rmst.biometrics                  D  ✓ Calculated ROI: 186x55px | FingerLength: 54px | Image: 480x640
2025-12-11 01:33:59.171 16176-16176 OverlayView             com.rmst.biometrics                  D  Finger: RING | Hand Confidence: 91.98386%
2025-12-11 01:33:59.172 16176-16176 ROICalculator           com.rmst.biometrics                  D  ✓ Calculated ROI: 154x45px | FingerLength: 47px | Image: 480x640
2025-12-11 01:33:59.172 16176-16176 OverlayView             com.rmst.biometrics                  D  Finger: PINKY | Hand Confidence: 91.98386%
2025-12-11 01:33:59.172 16176-16176 OverlayView             com.rmst.biometrics                  D  Stable frames: 1/15 | Quality: 91.98385620117188
2025-12-11 01:33:59.190 16176-16176 OverlayView             com.rmst.biometrics                  D  === Overall Quality: 91.98385620117188 | Status: GOOD ===
2025-12-11 01:33:59.219 16176-16176 ROICalculator           com.rmst.biometrics                  D  ✓ Calculated ROI: 37x66px | FingerLength: 55px | Image: 480x640
2025-12-11 01:33:59.219 16176-16176 OverlayView             com.rmst.biometrics                  D  Finger: THUMB | Hand Confidence: 92.87092%
2025-12-11 01:33:59.219 16176-16176 ROICalculator           com.rmst.biometrics                  D  ✓ Calculated ROI: 182x38px | FingerLength: 52px | Image: 480x640
2025-12-11 01:33:59.219 16176-16176 OverlayView             com.rmst.biometrics                  D  Finger: INDEX | Hand Confidence: 92.87092%
2025-12-11 01:33:59.219 16176-16176 ROICalculator           com.rmst.biometrics                  D  ✓ Calculated ROI: 205x59px | FingerLength: 59px | Image: 480x640
2025-12-11 01:33:59.220 16176-16176 OverlayView             com.rmst.biometrics                  D  Finger: MIDDLE | Hand Confidence: 92.87092%
2025-12-11 01:33:59.220 16176-16176 ROICalculator           com.rmst.biometrics                  D  ✓ Calculated ROI: 183x51px | FingerLength: 54px | Image: 480x640
2025-12-11 01:33:59.220 16176-16176 OverlayView             com.rmst.biometrics                  D  Finger: RING | Hand Confidence: 92.87092%
2025-12-11 01:33:59.220 16176-16176 ROICalculator           com.rmst.biometrics                  D  ✓ Calculated ROI: 150x40px | FingerLength: 46px | Image: 480x640
2025-12-11 01:33:59.220 16176-16176 OverlayView             com.rmst.biometrics                  D  Finger: PINKY | Hand Confidence: 92.87092%
2025-12-11 01:33:59.220 16176-16176 OverlayView             com.rmst.biometrics                  D  Stable frames: 2/15 | Quality: 92.87091827392578
2025-12-11 01:33:59.223 16176-16176 OverlayView             com.rmst.biometrics                  D  === Overall Quality: 92.87091827392578 | Status: GOOD ===
2025-12-11 01:33:59.255 16176-16176 ROICalculator           com.rmst.biometrics                  D  ✓ Calculated ROI: 49x61px | FingerLength: 56px | Image: 480x640
2025-12-11 01:33:59.256 16176-16176 OverlayView             com.rmst.biometrics                  D  Finger: THUMB | Hand Confidence: 93.06677%
2025-12-11 01:33:59.256 16176-16176 ROICalculator           com.rmst.biometrics                  D  ✓ Calculated ROI: 183x37px | FingerLength: 52px | Image: 480x640
2025-12-11 01:33:59.256 16176-16176 OverlayView             com.rmst.biometrics                  D  Finger: INDEX | Hand Confidence: 93.06677%
2025-12-11 01:33:59.256 16176-16176 ROICalculator           com.rmst.biometrics                  D  ✓ Calculated ROI: 206x59px | FingerLength: 60px | Image: 480x640
2025-12-11 01:33:59.256 16176-16176 OverlayView             com.rmst.biometrics                  D  Finger: MIDDLE | Hand Confidence: 93.06677%
2025-12-11 01:33:59.256 16176-16176 ROICalculator           com.rmst.biometrics                  D  ✓ Calculated ROI: 184x53px | FingerLength: 54px | Image: 480x640
2025-12-11 01:33:59.256 16176-16176 OverlayView             com.rmst.biometrics                  D  Finger: RING | Hand Confidence: 93.06677%
2025-12-11 01:33:59.256 16176-16176 ROICalculator           com.rmst.biometrics                  D  ✓ Calculated ROI: 153x42px | FingerLength: 47px | Image: 480x640
2025-12-11 01:33:59.256 16176-16176 OverlayView             com.rmst.biometrics                  D  Finger: PINKY | Hand Confidence: 93.06677%
2025-12-11 01:33:59.256 16176-16176 OverlayView             com.rmst.biometrics                  D  Reset: Quality=true, Stable=false
2025-12-11 01:33:59.273 16176-16176 OverlayView             com.rmst.biometrics                  D  === Overall Quality: 93.0667724609375 | Status: GOOD ===
2025-12-11 01:33:59.296 16176-16176 ROICalculator           com.rmst.biometrics                  D  ✓ Calculated ROI: 55x51px | FingerLength: 58px | Image: 480x640
2025-12-11 01:33:59.296 16176-16176 OverlayView             com.rmst.biometrics                  D  Finger: THUMB | Hand Confidence: 94.09947%
2025-12-11 01:33:59.296 16176-16176 ROICalculator           com.rmst.biometrics                  D  ✓ Calculated ROI: 184x39px | FingerLength: 52px | Image: 480x640
2025-12-11 01:33:59.296 16176-16176 OverlayView             com.rmst.biometrics                  D  Finger: INDEX | Hand Confidence: 94.09947%
2025-12-11 01:33:59.297 16176-16176 ROICalculator           com.rmst.biometrics                  D  ✓ Calculated ROI: 206x61px | FingerLength: 60px | Image: 480x640
2025-12-11 01:33:59.297 16176-16176 OverlayView             com.rmst.biometrics                  D  Finger: MIDDLE | Hand Confidence: 94.09947%
2025-12-11 01:33:59.297 16176-16176 ROICalculator           com.rmst.biometrics                  D  ✓ Calculated ROI: 186x52px | FingerLength: 55px | Image: 480x640
2025-12-11 01:33:59.297 16176-16176 OverlayView             com.rmst.biometrics                  D  Finger: RING | Hand Confidence: 94.09947%
2025-12-11 01:33:59.297 16176-16176 ROICalculator           com.rmst.biometrics                  D  ✓ Calculated ROI: 155x43px | FingerLength: 47px | Image: 480x640
2025-12-11 01:33:59.297 16176-16176 OverlayView             com.rmst.biometrics                  D  Finger: PINKY | Hand Confidence: 94.09947%
2025-12-11 01:33:59.297 16176-16176 OverlayView             com.rmst.biometrics                  D  Stable frames: 1/15 | Quality: 94.09947204589844
2025-12-11 01:33:59.306 16176-16176 OverlayView             com.rmst.biometrics                  D  === Overall Quality: 94.09947204589844 | Status: GOOD ===
2025-12-11 01:33:59.337 16176-16176 ROICalculator           com.rmst.biometrics                  D  ✓ Calculated ROI: 54x44px | FingerLength: 59px | Image: 480x640
2025-12-11 01:33:59.337 16176-16176 OverlayView             com.rmst.biometrics                  D  Finger: THUMB | Hand Confidence: 93.74213%
2025-12-11 01:33:59.337 16176-16176 ROICalculator           com.rmst.biometrics                  D  ✓ Calculated ROI: 185x39px | FingerLength: 52px | Image: 480x640
2025-12-11 01:33:59.337 16176-16176 OverlayView             com.rmst.biometrics                  D  Finger: INDEX | Hand Confidence: 93.74213%
2025-12-11 01:33:59.337 16176-16176 ROICalculator           com.rmst.biometrics                  D  ✓ Calculated ROI: 205x59px | FingerLength: 60px | Image: 480x640
2025-12-11 01:33:59.337 16176-16176 OverlayView             com.rmst.biometrics                  D  Finger: MIDDLE | Hand Confidence: 93.74213%
2025-12-11 01:33:59.337 16176-16176 ROICalculator           com.rmst.biometrics                  D  ✓ Calculated ROI: 186x52px | FingerLength: 55px | Image: 480x640
2025-12-11 01:33:59.337 16176-16176 OverlayView             com.rmst.biometrics                  D  Finger: RING | Hand Confidence: 93.74213%
2025-12-11 01:33:59.337 16176-16176 ROICalculator           com.rmst.biometrics                  D  ✓ Calculated ROI: 154x41px | FingerLength: 47px | Image: 480x640
2025-12-11 01:33:59.338 16176-16176 OverlayView             com.rmst.biometrics                  D  Finger: PINKY | Hand Confidence: 93.74213%
2025-12-11 01:33:59.338 16176-16176 OverlayView             com.rmst.biometrics                  D  Stable frames: 2/15 | Quality: 93.74212646484375
2025-12-11 01:33:59.339 16176-16248 RMST Biomterics         com.rmst.biometrics                  D  Original bitmap from sensor: 640x480
2025-12-11 01:33:59.340 16176-16176 OverlayView             com.rmst.biometrics                  D  === Overall Quality: 93.74212646484375 | Status: GOOD ===
2025-12-11 01:33:59.348 16176-16248 RMST Biomterics         com.rmst.biometrics                  D  Rotated bitmap to match preview: 480x640
2025-12-11 01:33:59.360 16176-16240 RMST Biomterics         com.rmst.biometrics                  D  ====================================================
2025-12-11 01:33:59.360 16176-16240 RMST Biomterics         com.rmst.biometrics                  D  🎯 CAPTURE TRIGGERED
2025-12-11 01:33:59.362 16176-16240 RMST Biomterics         com.rmst.biometrics                  D  Processing bitmap: 480x640, format: ARGB_8888
2025-12-11 01:33:59.364 16176-16250 Camera2CameraImpl       com.rmst.biometrics                  D  {Camera@861c94[id=0]} Issue capture request
2025-12-11 01:33:59.364 16176-16250 CaptureSession          com.rmst.biometrics                  D  Issuing capture request.
2025-12-11 01:33:59.368 16176-16250 Camera2Cap...estBuilder com.rmst.biometrics                  D  createCaptureRequest
2025-12-11 01:33:59.370 16176-16250 UseCaseAttachState      com.rmst.biometrics                  D  Active and attached use case: [androidx.camera.core.ImageCapture-b239b67c-1f14-4f66-9cc4-f9dc09e4c366253351570, androidx.camera.core.ImageAnalysis-fff33f9d-8313-4172-ba53-ef10db35111186201373, androidx.camera.core.Preview-6867242f-8e0b-4e8f-88f3-d6d40a1a5c009663732] for camera: 0
2025-12-11 01:33:59.382 16176-16250 CaptureSession          com.rmst.biometrics                  D  Attempting to submit CaptureRequest after setting
2025-12-11 01:33:59.382 16176-16250 CaptureSession          com.rmst.biometrics                  D  Issuing request for session.
2025-12-11 01:33:59.384 16176-16250 Camera2Cap...estBuilder com.rmst.biometrics                  D  createCaptureRequest
2025-12-11 01:33:59.411 16176-16176 ROICalculator           com.rmst.biometrics                  D  ✓ Calculated ROI: 55x48px | FingerLength: 59px | Image: 480x640
2025-12-11 01:33:59.412 16176-16176 OverlayView             com.rmst.biometrics                  D  Finger: THUMB | Hand Confidence: 93.3226%
2025-12-11 01:33:59.412 16176-16176 ROICalculator           com.rmst.biometrics                  D  ✓ Calculated ROI: 182x40px | FingerLength: 51px | Image: 480x640
2025-12-11 01:33:59.412 16176-16176 OverlayView             com.rmst.biometrics                  D  Finger: INDEX | Hand Confidence: 93.3226%
2025-12-11 01:33:59.412 16176-16176 ROICalculator           com.rmst.biometrics                  D  ✓ Calculated ROI: 204x60px | FingerLength: 59px | Image: 480x640
2025-12-11 01:33:59.412 16176-16176 OverlayView             com.rmst.biometrics                  D  Finger: MIDDLE | Hand Confidence: 93.3226%
2025-12-11 01:33:59.412 16176-16176 ROICalculator           com.rmst.biometrics                  D  ✓ Calculated ROI: 182x47px | FingerLength: 54px | Image: 480x640
2025-12-11 01:33:59.412 16176-16176 OverlayView             com.rmst.biometrics                  D  Finger: RING | Hand Confidence: 93.3226%
2025-12-11 01:33:59.412 16176-16176 ROICalculator           com.rmst.biometrics                  D  ✓ Calculated ROI: 151x39px | FingerLength: 46px | Image: 480x640
2025-12-11 01:33:59.412 16176-16176 OverlayView             com.rmst.biometrics                  D  Finger: PINKY | Hand Confidence: 93.3226%
2025-12-11 01:33:59.413 16176-16176 OverlayView             com.rmst.biometrics                  D  Stable frames: 3/15 | Quality: 93.32260131835938
2025-12-11 01:33:59.423 16176-16176 OverlayView             com.rmst.biometrics                  D  === Overall Quality: 93.32260131835938 | Status: GOOD ===
2025-12-11 01:33:59.510 16176-16176 ROICalculator           com.rmst.biometrics                  D  ✓ Calculated ROI: 59x46px | FingerLength: 59px | Image: 480x640
2025-12-11 01:33:59.510 16176-16176 OverlayView             com.rmst.biometrics                  D  Finger: THUMB | Hand Confidence: 93.20053%
2025-12-11 01:33:59.510 16176-16176 ROICalculator           com.rmst.biometrics                  D  ✓ Calculated ROI: 178x39px | FingerLength: 50px | Image: 480x640
2025-12-11 01:33:59.510 16176-16176 OverlayView             com.rmst.biometrics                  D  Finger: INDEX | Hand Confidence: 93.20053%
2025-12-11 01:33:59.510 16176-16176 ROICalculator           com.rmst.biometrics                  D  ✓ Calculated ROI: 199x57px | FingerLength: 58px | Image: 480x640
2025-12-11 01:33:59.510 16176-16176 OverlayView             com.rmst.biometrics                  D  Finger: MIDDLE | Hand Confidence: 93.20053%
2025-12-11 01:33:59.511 16176-16176 ROICalculator           com.rmst.biometrics                  D  ✓ Calculated ROI: 181x47px | FingerLength: 54px | Image: 480x640
2025-12-11 01:33:59.511 16176-16176 OverlayView             com.rmst.biometrics                  D  Finger: RING | Hand Confidence: 93.20053%
2025-12-11 01:33:59.511 16176-16176 ROICalculator           com.rmst.biometrics                  D  ✓ Calculated ROI: 151x38px | FingerLength: 46px | Image: 480x640
2025-12-11 01:33:59.511 16176-16176 OverlayView             com.rmst.biometrics                  D  Finger: PINKY | Hand Confidence: 93.20053%
2025-12-11 01:33:59.511 16176-16176 OverlayView             com.rmst.biometrics                  D  Reset: Quality=true, Stable=false
2025-12-11 01:33:59.523 16176-16176 OverlayView             com.rmst.biometrics                  D  === Overall Quality: 93.20053100585938 | Status: GOOD ===
2025-12-11 01:33:59.558 16176-16240 libMEOW                 com.rmst.biometrics                  D  meow new tls: 0xb4000070b6df6170
2025-12-11 01:33:59.558 16176-16240 libMEOW                 com.rmst.biometrics                  D  applied 1 plugins for [com.rmst.biometrics]:
2025-12-11 01:33:59.558 16176-16240 libMEOW                 com.rmst.biometrics                  D    plugin 1: [libMEOW_gift.so]: 0xb400007136c9f820
2025-12-11 01:33:59.558 16176-16240 libMEOW                 com.rmst.biometrics                  D  rebuild call chain: 0xb4000070b6e86200
2025-12-11 01:33:59.574 16176-16349 libMEOW                 com.rmst.biometrics                  D  meow new tls: 0xb4000070b6f16290
2025-12-11 01:33:59.574 16176-16349 libMEOW                 com.rmst.biometrics                  D  applied 1 plugins for [com.rmst.biometrics]:
2025-12-11 01:33:59.574 16176-16349 libMEOW                 com.rmst.biometrics                  D    plugin 1: [libMEOW_gift.so]: 0xb400007136c9f820
2025-12-11 01:33:59.575 16176-16349 libMEOW                 com.rmst.biometrics                  D  rebuild call chain: 0xb4000070b6f06280
2025-12-11 01:33:59.593 16176-16181 rmst.biometrics         com.rmst.biometrics                  I  Background concurrent mark compact GC freed 820KB AllocSpace bytes, 10(11MB) LOS objects, 65% free, 6597KB/18MB, paused 1.089ms,7.851ms total 86.117ms
2025-12-11 01:33:59.613 16176-16176 ROICalculator           com.rmst.biometrics                  D  ✓ Calculated ROI: 60x48px | FingerLength: 59px | Image: 480x640
2025-12-11 01:33:59.614 16176-16176 OverlayView             com.rmst.biometrics                  D  Finger: THUMB | Hand Confidence: 93.06832%
2025-12-11 01:33:59.614 16176-16176 ROICalculator           com.rmst.biometrics                  D  ✓ Calculated ROI: 177x38px | FingerLength: 50px | Image: 480x640
2025-12-11 01:33:59.614 16176-16176 OverlayView             com.rmst.biometrics                  D  Finger: INDEX | Hand Confidence: 93.06832%
2025-12-11 01:33:59.614 16176-16344 tflite                  com.rmst.biometrics                  I  Replacing 272 out of 272 node(s) with delegate (TfLiteXNNPackDelegate) node, yielding 1 partitions for the whole graph.
2025-12-11 01:33:59.615 16176-16176 ROICalculator           com.rmst.biometrics                  D  ✓ Calculated ROI: 197x57px | FingerLength: 57px | Image: 480x640
2025-12-11 01:33:59.615 16176-16176 OverlayView             com.rmst.biometrics                  D  Finger: MIDDLE | Hand Confidence: 93.06832%
2025-12-11 01:33:59.615 16176-16176 ROICalculator           com.rmst.biometrics                  D  ✓ Calculated ROI: 175x44px | FingerLength: 52px | Image: 480x640
2025-12-11 01:33:59.615 16176-16176 OverlayView             com.rmst.biometrics                  D  Finger: RING | Hand Confidence: 93.06832%
2025-12-11 01:33:59.615 16176-16176 ROICalculator           com.rmst.biometrics                  D  ✓ Calculated ROI: 147x38px | FingerLength: 45px | Image: 480x640
2025-12-11 01:33:59.616 16176-16176 OverlayView             com.rmst.biometrics                  D  Finger: PINKY | Hand Confidence: 93.06832%
2025-12-11 01:33:59.620 16176-16250 UseCaseAttachState      com.rmst.biometrics                  D  Active and attached use case: [androidx.camera.core.ImageCapture-b239b67c-1f14-4f66-9cc4-f9dc09e4c366253351570, androidx.camera.core.ImageAnalysis-fff33f9d-8313-4172-ba53-ef10db35111186201373, androidx.camera.core.Preview-6867242f-8e0b-4e8f-88f3-d6d40a1a5c009663732] for camera: 0
2025-12-11 01:33:59.623 16176-16176 OverlayView             com.rmst.biometrics                  D  === Overall Quality: 93.06832122802734 | Status: GOOD ===
2025-12-11 01:33:59.634 16176-16250 CaptureSession          com.rmst.biometrics                  D  Attempting to submit CaptureRequest after setting
2025-12-11 01:33:59.634 16176-16250 CaptureSession          com.rmst.biometrics                  D  Issuing request for session.
2025-12-11 01:33:59.637 16176-16250 Camera2Cap...estBuilder com.rmst.biometrics                  D  createCaptureRequest
2025-12-11 01:33:59.647 16176-16250 Camera2CameraImpl       com.rmst.biometrics                  D  {Camera@861c94[id=0]} Issue capture request
2025-12-11 01:33:59.647 16176-16250 CaptureSession          com.rmst.biometrics                  D  Issuing capture request.
2025-12-11 01:33:59.653 16176-16250 Camera2Cap...estBuilder com.rmst.biometrics                  D  createCaptureRequest
2025-12-11 01:33:59.686 16176-16176 ROICalculator           com.rmst.biometrics                  D  ✓ Calculated ROI: 55x45px | FingerLength: 58px | Image: 480x640
2025-12-11 01:33:59.686 16176-16176 OverlayView             com.rmst.biometrics                  D  Finger: THUMB | Hand Confidence: 92.390274%
2025-12-11 01:33:59.686 16176-16176 ROICalculator           com.rmst.biometrics                  D  ✓ Calculated ROI: 173x37px | FingerLength: 49px | Image: 480x640
2025-12-11 01:33:59.686 16176-16176 OverlayView             com.rmst.biometrics                  D  Finger: INDEX | Hand Confidence: 92.390274%
2025-12-11 01:33:59.686 16176-16176 ROICalculator           com.rmst.biometrics                  D  ✓ Calculated ROI: 195x55px | FingerLength: 56px | Image: 480x640
2025-12-11 01:33:59.686 16176-16176 OverlayView             com.rmst.biometrics                  D  Finger: MIDDLE | Hand Confidence: 92.390274%
2025-12-11 01:33:59.686 16176-16176 ROICalculator           com.rmst.biometrics                  D  ✓ Calculated ROI: 179x50px | FingerLength: 53px | Image: 480x640
2025-12-11 01:33:59.686 16176-16176 OverlayView             com.rmst.biometrics                  D  Finger: RING | Hand Confidence: 92.390274%
2025-12-11 01:33:59.686 16176-16176 ROICalculator           com.rmst.biometrics                  D  ✓ Calculated ROI: 147x39px | FingerLength: 45px | Image: 480x640
2025-12-11 01:33:59.686 16176-16176 OverlayView             com.rmst.biometrics                  D  Finger: PINKY | Hand Confidence: 92.390274%
2025-12-11 01:33:59.686 16176-16176 OverlayView             com.rmst.biometrics                  D  Stable frames: 1/15 | Quality: 92.39027404785156
2025-12-11 01:33:59.690 16176-16176 OverlayView             com.rmst.biometrics                  D  === Overall Quality: 92.39027404785156 | Status: GOOD ===
2025-12-11 01:33:59.707 16176-16343 tflite                  com.rmst.biometrics                  I  Replacing 165 out of 165 node(s) with delegate (TfLiteXNNPackDelegate) node, yielding 1 partitions for the whole graph.
2025-12-11 01:33:59.740 16176-16254 TransportR...EventStore com.rmst.biometrics                  D  Storing event with priority=DEFAULT, name=COREML_ON_DEVICE_SOLUTIONS for destination cct
2025-12-11 01:33:59.748 16176-16254 TransportR...oScheduler com.rmst.biometrics                  D  Upload for context TransportContext(cct, DEFAULT, MSRodHRwczovL2ZpcmViYXNlbG9nZ2luZy5nb29nbGVhcGlzLmNvbS92MGNjL2xvZy9iYXRjaD9mb3JtYXQ9anNvbl9wcm90bzNc) is already scheduled. Returning...
2025-12-11 01:33:59.750 16176-16176 ROICalculator           com.rmst.biometrics                  D  ✓ Calculated ROI: 38x132px | FingerLength: 67px | Image: 480x640
2025-12-11 01:33:59.750 16176-16176 OverlayView             com.rmst.biometrics                  D  Finger: THUMB | Hand Confidence: 91.7096%
2025-12-11 01:33:59.750 16176-16176 ROICalculator           com.rmst.biometrics                  D  ✓ Calculated ROI: 179x48px | FingerLength: 52px | Image: 480x640
2025-12-11 01:33:59.750 16176-16176 OverlayView             com.rmst.biometrics                  D  Finger: INDEX | Hand Confidence: 91.7096%
2025-12-11 01:33:59.751 16176-16176 ROICalculator           com.rmst.biometrics                  D  ✓ Calculated ROI: 205x57px | FingerLength: 61px | Image: 480x640
2025-12-11 01:33:59.751 16176-16176 OverlayView             com.rmst.biometrics                  D  Finger: MIDDLE | Hand Confidence: 91.7096%
2025-12-11 01:33:59.751 16176-16176 ROICalculator           com.rmst.biometrics                  D  ✓ Calculated ROI: 194x48px | FingerLength: 56px | Image: 480x640
2025-12-11 01:33:59.751 16176-16176 OverlayView             com.rmst.biometrics                  D  Finger: RING | Hand Confidence: 91.7096%
2025-12-11 01:33:59.751 16176-16176 ROICalculator           com.rmst.biometrics                  D  ✓ Calculated ROI: 145x22px | FingerLength: 46px | Image: 480x640
2025-12-11 01:33:59.751 16176-16176 OverlayView             com.rmst.biometrics                  D  Finger: PINKY | Hand Confidence: 91.7096%
2025-12-11 01:33:59.751 16176-16176 OverlayView             com.rmst.biometrics                  D  Reset: Quality=true, Stable=false
2025-12-11 01:33:59.756 16176-16176 OverlayView             com.rmst.biometrics                  D  === Overall Quality: 91.70960235595703 | Status: GOOD ===
2025-12-11 01:33:59.814 16176-16176 ROICalculator           com.rmst.biometrics                  D  ✓ Calculated ROI: 147x3px | FingerLength: 62px | Image: 480x640
2025-12-11 01:33:59.814 16176-16176 OverlayView             com.rmst.biometrics                  D  Finger: THUMB | Hand Confidence: 71.92729%
2025-12-11 01:33:59.814 16176-16176 ROICalculator           com.rmst.biometrics                  D  ✓ Calculated ROI: 189x56px | FingerLength: 55px | Image: 480x640
2025-12-11 01:33:59.815 16176-16176 OverlayView             com.rmst.biometrics                  D  Finger: INDEX | Hand Confidence: 71.92729%
2025-12-11 01:33:59.815 16176-16176 ROICalculator           com.rmst.biometrics                  D  ✓ Calculated ROI: 218x39px | FingerLength: 66px | Image: 480x640
2025-12-11 01:33:59.815 16176-16176 OverlayView             com.rmst.biometrics                  D  Finger: MIDDLE | Hand Confidence: 71.92729%
2025-12-11 01:33:59.815 16176-16176 ROICalculator           com.rmst.biometrics                  D  ✓ Calculated ROI: 210x54px | FingerLength: 60px | Image: 480x640
2025-12-11 01:33:59.815 16176-16176 OverlayView             com.rmst.biometrics                  D  Finger: RING | Hand Confidence: 71.92729%
2025-12-11 01:33:59.815 16176-16176 ROICalculator           com.rmst.biometrics                  D  ✓ Calculated ROI: 147x22px | FingerLength: 45px | Image: 480x640
2025-12-11 01:33:59.815 16176-16176 OverlayView             com.rmst.biometrics                  D  Finger: PINKY | Hand Confidence: 71.92729%
2025-12-11 01:33:59.823 16176-16176 OverlayView             com.rmst.biometrics                  D  === Overall Quality: 71.92729187011719 | Status: GOOD ===
2025-12-11 01:33:59.914 16176-16240 RMST Biomterics         com.rmst.biometrics                  D  ✓ Detected hands on captured bitmap: 1
2025-12-11 01:33:59.914 16176-16240 RMST Biomterics         com.rmst.biometrics                  D  ====================================================
2025-12-11 01:33:59.914 16176-16240 FingerprintExtractor    com.rmst.biometrics                  D  ========== STARTING FINGERPRINT EXTRACTION ==========
2025-12-11 01:33:59.915 16176-16240 FingerprintExtractor    com.rmst.biometrics                  D  → Processing THUMB...
2025-12-11 01:33:59.915 16176-16240 ROICalculator           com.rmst.biometrics                  D  ✓ Calculated ROI: 169x15px | FingerLength: 48px | Image: 480x640
2025-12-11 01:33:59.918 16176-16240 FingerprintExtractor    com.rmst.biometrics                  D  ROI too small: 169.00565x15.408325 (minimum 30x30)
2025-12-11 01:33:59.918 16176-16176 ROICalculator           com.rmst.biometrics                  D  ✓ Calculated ROI: 45x24px | FingerLength: 54px | Image: 480x640
2025-12-11 01:33:59.919 16176-16176 OverlayView             com.rmst.biometrics                  D  Finger: THUMB | Hand Confidence: 95.8954%
2025-12-11 01:33:59.919 16176-16176 ROICalculator           com.rmst.biometrics                  D  ✓ Calculated ROI: 185x43px | FingerLength: 53px | Image: 480x640
2025-12-11 01:33:59.919 16176-16176 OverlayView             com.rmst.biometrics                  D  Finger: INDEX | Hand Confidence: 95.8954%
2025-12-11 01:33:59.919 16176-16240 FingerprintExtractor    com.rmst.biometrics                  W  ✗ THUMB: INVALID ROI
2025-12-11 01:33:59.919 16176-16176 ROICalculator           com.rmst.biometrics                  D  ✓ Calculated ROI: 204x50px | FingerLength: 62px | Image: 480x640
2025-12-11 01:33:59.919 16176-16240 FingerprintExtractor    com.rmst.biometrics                  D  → Processing INDEX...
2025-12-11 01:33:59.919 16176-16176 OverlayView             com.rmst.biometrics                  D  Finger: MIDDLE | Hand Confidence: 95.8954%
2025-12-11 01:33:59.919 16176-16240 ROICalculator           com.rmst.biometrics                  D  ✓ Calculated ROI: 203x24px | FingerLength: 51px | Image: 480x640
2025-12-11 01:33:59.919 16176-16240 FingerprintExtractor    com.rmst.biometrics                  D  ROI too small: 203.84967x24.585434 (minimum 30x30)
2025-12-11 01:33:59.919 16176-16240 FingerprintExtractor    com.rmst.biometrics                  W  ✗ INDEX: INVALID ROI
2025-12-11 01:33:59.920 16176-16176 ROICalculator           com.rmst.biometrics                  D  ✓ Calculated ROI: 181x40px | FingerLength: 55px | Image: 480x640
2025-12-11 01:33:59.920 16176-16176 OverlayView             com.rmst.biometrics                  D  Finger: RING | Hand Confidence: 95.8954%
2025-12-11 01:33:59.920 16176-16176 ROICalculator           com.rmst.biometrics                  D  ✓ Calculated ROI: 146x31px | FingerLength: 45px | Image: 480x640
2025-12-11 01:33:59.920 16176-16176 OverlayView             com.rmst.biometrics                  D  Finger: PINKY | Hand Confidence: 95.8954%
2025-12-11 01:33:59.920 16176-16240 FingerprintExtractor    com.rmst.biometrics                  D  → Processing MIDDLE...
2025-12-11 01:33:59.920 16176-16240 ROICalculator           com.rmst.biometrics                  D  ✓ Calculated ROI: 203x37px | FingerLength: 47px | Image: 480x640
2025-12-11 01:33:59.921 16176-16240 FingerprintExtractor    com.rmst.biometrics                  D  ROI bad aspect ratio: 5.4567046 (acceptable: 0.3-3.0)
2025-12-11 01:33:59.921 16176-16240 FingerprintExtractor    com.rmst.biometrics                  W  ✗ MIDDLE: INVALID ROI
2025-12-11 01:33:59.921 16176-16240 FingerprintExtractor    com.rmst.biometrics                  D  → Processing RING...
2025-12-11 01:33:59.921 16176-16240 ROICalculator           com.rmst.biometrics                  D  ✓ Calculated ROI: 186x39px | FingerLength: 45px | Image: 480x640
2025-12-11 01:33:59.922 16176-16240 FingerprintExtractor    com.rmst.biometrics                  D  ROI bad aspect ratio: 4.725447 (acceptable: 0.3-3.0)
2025-12-11 01:33:59.922 16176-16240 FingerprintExtractor    com.rmst.biometrics                  W  ✗ RING: INVALID ROI
2025-12-11 01:33:59.922 16176-16240 FingerprintExtractor    com.rmst.biometrics                  D  → Processing PINKY...
2025-12-11 01:33:59.922 16176-16240 ROICalculator           com.rmst.biometrics                  D  ✓ Calculated ROI: 145x26px | FingerLength: 40px | Image: 480x640
2025-12-11 01:33:59.923 16176-16240 FingerprintExtractor    com.rmst.biometrics                  D  ROI too small: 145.59756x26.502136 (minimum 30x30)
2025-12-11 01:33:59.923 16176-16240 FingerprintExtractor    com.rmst.biometrics                  W  ✗ PINKY: INVALID ROI
2025-12-11 01:33:59.923 16176-16240 FingerprintExtractor    com.rmst.biometrics                  D  ========== EXTRACTION COMPLETE: 0/5 fingerprints ==========
2025-12-11 01:33:59.923 16176-16176 OverlayView             com.rmst.biometrics                  D  === Overall Quality: 95.89540100097656 | Status: GOOD ===
2025-12-11 01:33:59.924 16176-16240 RMST Biomterics         com.rmst.biometrics                  E  ====================================================
2025-12-11 01:33:59.924 16176-16240 RMST Biomterics         com.rmst.biometrics                  E  ❌ FAILURE: 0 fingerprints passed quality check
2025-12-11 01:33:59.925 16176-16240 RMST Biomterics         com.rmst.biometrics                  E  ====================================================
2025-12-11 01:33:59.947 16176-16181 rmst.biometrics         com.rmst.biometrics                  I  NativeAlloc concurrent mark compact GC freed 728KB AllocSpace bytes, 5(6020KB) LOS objects, 64% free, 6669KB/18MB, paused 329us,9.218ms total 102.083ms
2025-12-11 01:33:59.989 16176-16176 ActivityThread          com.rmst.biometrics                  D  handleResumeActivity#3 r.window=com.android.internal.policy.PhoneWindow@74685fba.mFinished = falsewillBeVisible = true
2025-12-11 01:33:59.999 16176-16176 BufferQueueConsumer     com.rmst.biometrics                  D  [](id:3f3000000007,api:0,p:-1,c:16176) connect: controlledByApp=false
2025-12-11 01:33:59.999 16176-16176 BLASTBufferQueue        com.rmst.biometrics                  D  [VRI[MainActivity]#4](f:0,a:0) constructor()
2025-12-11 01:33:59.999 16176-16176 BLASTBufferQueue        com.rmst.biometrics                  D  [VRI[MainActivity]#4](f:0,a:0) update width=1080 height=2400 format=-1 mTransformHint=0
2025-12-11 01:34:00.019 16176-16196 BLASTBufferQueue        com.rmst.biometrics                  D  [VRI[MainActivity]#4](f:0,a:1) acquireNextBufferLocked size=1080x2400 mFrameNumber=1 applyTransaction=true mTimestamp=176272654039428(auto) mPendingTransactions.size=0 graphicBufferId=69475390980132 transform=0
2025-12-11 01:34:00.050 16176-16176 ROICalculator           com.rmst.biometrics                  D  ✓ Calculated ROI: 45x53px | FingerLength: 65px | Image: 480x640
2025-12-11 01:34:00.050 16176-16176 OverlayView             com.rmst.biometrics                  D  Finger: THUMB | Hand Confidence: 93.05484%
2025-12-11 01:34:00.050 16176-16176 ROICalculator           com.rmst.biometrics                  D  ✓ Calculated ROI: 177x36px | FingerLength: 49px | Image: 480x640
2025-12-11 01:34:00.051 16176-16176 OverlayView             com.rmst.biometrics                  D  Finger: INDEX | Hand Confidence: 93.05484%
2025-12-11 01:34:00.051 16176-16176 ROICalculator           com.rmst.biometrics                  D  ✓ Calculated ROI: 196x51px | FingerLength: 58px | Image: 480x640
2025-12-11 01:34:00.051 16176-16176 OverlayView             com.rmst.biometrics                  D  Finger: MIDDLE | Hand Confidence: 93.05484%
2025-12-11 01:34:00.051 16176-16176 ROICalculator           com.rmst.biometrics                  D  ✓ Calculated ROI: 176x45px | FingerLength: 54px | Image: 480x640
2025-12-11 01:34:00.051 16176-16176 OverlayView             com.rmst.biometrics                  D  Finger: RING | Hand Confidence: 93.05484%
2025-12-11 01:34:00.052 16176-16176 ROICalculator           com.rmst.biometrics                  D  ✓ Calculated ROI: 142x30px | FingerLength: 46px | Image: 480x640
2025-12-11 01:34:00.052 16176-16176 OverlayView             com.rmst.biometrics                  D  Finger: PINKY | Hand Confidence: 93.05484%
2025-12-11 01:34:00.058 16176-16176 OverlayView             com.rmst.biometrics                  D  === Overall Quality: 93.05484008789062 | Status: GOOD ===
2025-12-11 01:34:00.158 16176-16176 ROICalculator           com.rmst.biometrics                  D  ✓ Calculated ROI: 51x57px | FingerLength: 66px | Image: 480x640
2025-12-11 01:34:00.158 16176-16176 OverlayView             com.rmst.biometrics                  D  Finger: THUMB | Hand Confidence: 94.230965%
2025-12-11 01:34:00.158 16176-16176 ROICalculator           com.rmst.biometrics                  D  ✓ Calculated ROI: 176x43px | FingerLength: 51px | Image: 480x640
2025-12-11 01:34:00.158 16176-16176 OverlayView             com.rmst.biometrics                  D  Finger: INDEX | Hand Confidence: 94.230965%
2025-12-11 01:34:00.158 16176-16176 ROICalculator           com.rmst.biometrics                  D  ✓ Calculated ROI: 201x56px | FingerLength: 60px | Image: 480x640
2025-12-11 01:34:00.158 16176-16176 OverlayView             com.rmst.biometrics                  D  Finger: MIDDLE | Hand Confidence: 94.230965%
2025-12-11 01:34:00.158 16176-16176 ROICalculator           com.rmst.biometrics                  D  ✓ Calculated ROI: 180x49px | FingerLength: 54px | Image: 480x640
2025-12-11 01:34:00.158 16176-16176 OverlayView             com.rmst.biometrics                  D  Finger: RING | Hand Confidence: 94.230965%
2025-12-11 01:34:00.160 16176-16176 ROICalculator           com.rmst.biometrics                  D  ✓ Calculated ROI: 141x35px | FingerLength: 44px | Image: 480x640
2025-12-11 01:34:00.160 16176-16176 OverlayView             com.rmst.biometrics                  D  Finger: PINKY | Hand Confidence: 94.230965%
2025-12-11 01:34:00.173 16176-16176 OverlayView             com.rmst.biometrics                  D  === Overall Quality: 94.23096466064453 | Status: GOOD ===
2025-12-11 01:34:00.185 16176-16176 CameraOrientationUtil   com.rmst.biometrics                  D  getRelativeImageRotation: destRotationDegrees=0, sourceRotationDegrees=90, isOppositeFacing=true, result=90
2025-12-11 01:34:00.186 16176-16264 libMEOW                 com.rmst.biometrics                  D  meow delete tls: 0xb4000070b6e16190
2025-12-11 01:34:00.197 16176-16254 TransportR...EventStore com.rmst.biometrics                  D  Storing event with priority=DEFAULT, name=COREML_ON_DEVICE_SOLUTIONS for destination cct
2025-12-11 01:34:00.203 16176-16254 TransportR...oScheduler com.rmst.biometrics                  D  Upload for context TransportContext(cct, DEFAULT, MSRodHRwczovL2ZpcmViYXNlbG9nZ2luZy5nb29nbGVhcGlzLmNvbS92MGNjL2xvZy9iYXRjaD9mb3JtYXQ9anNvbl9wcm90bzNc) is already scheduled. Returning...
2025-12-11 01:34:00.427 16176-16176 VRI[BiometricsActivity] com.rmst.biometrics                  D  visibilityChanged oldVisibility=true newVisibility=false
2025-12-11 01:34:00.433 16176-16176 SurfaceViewImpl         com.rmst.biometrics                  D  Surface destroyed.
2025-12-11 01:34:00.433 16176-16176 SurfaceViewImpl         com.rmst.biometrics                  D  Surface invalidated androidx.camera.core.SurfaceRequest@66e7443
2025-12-11 01:34:00.433 16176-16176 DeferrableSurface       com.rmst.biometrics                  D  surface closed,  useCount=1 closed=true androidx.camera.core.SurfaceRequest$2@3461ac0
2025-12-11 01:34:00.433 16176-16176 BLASTBufferQueue        com.rmst.biometrics                  D  [SurfaceView[com.rmst.biometrics/com.biometrics.BiometricsActivity]#3](f:0,a:1) destructor()
2025-12-11 01:34:00.433 16176-16176 BufferQueueConsumer     com.rmst.biometrics                  D  [SurfaceView[com.rmst.biometrics/com.biometrics.BiometricsActivity]#3(BLAST Consumer)3](id:3f3000000006,api:4,p:1369,c:16176) disconnect
2025-12-11 01:34:00.436 16176-16352 BufferQueueProducer     com.rmst.biometrics                  E  [SurfaceView[com.rmst.biometrics/com.biometrics.BiometricsActivity]#3(BLAST Consumer)3](id:3f3000000006,api:4,p:1369,c:16176) dequeueBuffer: BufferQueue has been abandoned
2025-12-11 01:34:00.441 16176-16352 BufferQueueProducer     com.rmst.biometrics                  E  [SurfaceView[com.rmst.biometrics/com.biometrics.BiometricsActivity]#3(BLAST Consumer)3](id:3f3000000006,api:4,p:1369,c:16176) queueBuffer: BufferQueue has been abandoned
2025-12-11 01:34:00.454 16176-16176 BLASTBufferQueue        com.rmst.biometrics                  D  [VRI[BiometricsActivity]#2](f:0,a:1) destructor()
2025-12-11 01:34:00.455 16176-16176 BufferQueueConsumer     com.rmst.biometrics                  D  [VRI[BiometricsActivity]#2(BLAST Consumer)2](id:3f3000000002,api:0,p:-1,c:16176) disconnect
2025-12-11 01:34:00.462 16176-16252 Camera2CameraImpl       com.rmst.biometrics                  D  {Camera@861c94[id=0]} Use cases [androidx.camera.core.Preview-6867242f-8e0b-4e8f-88f3-d6d40a1a5c009663732, androidx.camera.core.ImageAnalysis-fff33f9d-8313-4172-ba53-ef10db35111186201373, androidx.camera.core.ImageCapture-b239b67c-1f14-4f66-9cc4-f9dc09e4c366253351570] now DETACHED for camera
2025-12-11 01:34:00.462 16176-16252 UseCaseAttachState      com.rmst.biometrics                  D  All use case: [] for camera: 0
2025-12-11 01:34:00.462 16176-16252 Camera2CameraImpl       com.rmst.biometrics                  D  {Camera@861c94[id=0]} Resetting Capture Session
2025-12-11 01:34:00.463 16176-16252 Camera2CameraImpl       com.rmst.biometrics                  D  {Camera@861c94[id=0]} Releasing session in state OPENED
2025-12-11 01:34:00.463 16176-16252 UseCaseAttachState      com.rmst.biometrics                  D  Active and attached use case: [] for camera: 0
2025-12-11 01:34:00.471 16176-16176 ActivityThread          com.rmst.biometrics                  D  mToDestroying.remove:ActivityRecord{7e08cf0 token=android.os.BinderProxy@67045c3 {com.rmst.biometrics/com.biometrics.BiometricsActivity}}
2025-12-11 01:34:00.474 16176-16228 BufferQueueProducer     com.rmst.biometrics                  E  [SurfaceView[com.rmst.biometrics/com.biometrics.BiometricsActivity]#3(BLAST Consumer)3](id:3f3000000006,api:4,p:1369,c:16176) queueBuffer: BufferQueue has been abandoned
2025-12-11 01:34:00.476 16176-16252 UseCaseAttachState      com.rmst.biometrics                  D  Active and attached use case: [] for camera: 0
2025-12-11 01:34:00.479 16176-16252 Camera2CameraImpl       com.rmst.biometrics                  D  {Camera@861c94[id=0]} Closing camera.
2025-12-11 01:34:00.479 16176-16252 Camera2CameraImpl       com.rmst.biometrics                  D  {Camera@861c94[id=0]} Transitioning camera internal state: OPENED --> CLOSING
2025-12-11 01:34:00.480 16176-16176 DeferrableSurface       com.rmst.biometrics                  D  surface closed,  useCount=1 closed=true androidx.camera.core.impl.ImmediateSurface@2fa119f
2025-12-11 01:34:00.480 16176-16176 DeferrableSurface       com.rmst.biometrics                  D  surface closed,  useCount=1 closed=true androidx.camera.core.impl.ImmediateSurface@166614a
2025-12-11 01:34:00.482 16176-16252 CameraStateRegistry     com.rmst.biometrics                  D  Recalculating open cameras:
                                                                                                    Camera                                       State                 
                                                                                                    -------------------------------------------------------------------
                                                                                                    Camera@861c94[id=0]                          CLOSING               
                                                                                                    Camera@333eddf[id=1]                         UNKNOWN               
                                                                                                    -------------------------------------------------------------------
                                                                                                    Open count: 1 (Max allowed: 1)
2025-12-11 01:34:00.482 16176-16252 CameraStateMachine      com.rmst.biometrics                  D  New public camera state CameraState{type=CLOSING, error=null} from CLOSING and null
2025-12-11 01:34:00.483 16176-16252 CameraStateMachine      com.rmst.biometrics                  D  Publishing new public camera state CameraState{type=CLOSING, error=null}
2025-12-11 01:34:00.483 16176-16252 Camera2CameraImpl       com.rmst.biometrics                  D  {Camera@861c94[id=0]} Resetting Capture Session
2025-12-11 01:34:00.484 16176-16252 Camera2CameraImpl       com.rmst.biometrics                  D  {Camera@861c94[id=0]} Releasing session in state CLOSING
2025-12-11 01:34:00.484 16176-16252 CaptureSession          com.rmst.biometrics                  D  onSessionFinished()
2025-12-11 01:34:00.485 16176-16176 WindowOnBackDispatcher  com.rmst.biometrics                  W  sendCancelIfRunning: isInProgress=false callback=android.view.ViewRootImpl$$ExternalSyntheticLambda12@3614ba8
2025-12-11 01:34:00.487 16176-16176 View                    com.rmst.biometrics                  D  [Warning] assignParent to null: this = DecorView@5d78b45[BiometricsActivity]
2025-12-11 01:34:00.491 16176-16248 libMEOW                 com.rmst.biometrics                  D  meow delete tls: 0xb4000070b6e261a0
2025-12-11 01:34:00.500 16176-16176 StreamStateObserver     com.rmst.biometrics                  D  Update Preview stream state to IDLE
2025-12-11 01:34:00.504 16176-16352 BufferQueueProducer     com.rmst.biometrics                  E  [SurfaceView[com.rmst.biometrics/com.biometrics.BiometricsActivity]#3(BLAST Consumer)3](id:3f3000000006,api:4,p:1369,c:16176) queueBuffer: BufferQueue has been abandoned
2025-12-11 01:34:00.504 16176-16352 BufferQueueProducer     com.rmst.biometrics                  E  [SurfaceView[com.rmst.biometrics/com.biometrics.BiometricsActivity]#3(BLAST Consumer)3](id:3f3000000006,api:4,p:1369,c:16176) cancelBuffer: BufferQueue has been abandoned
2025-12-11 01:34:00.534 16176-16185 BufferQueueProducer     com.rmst.biometrics                  E  [SurfaceView[com.rmst.biometrics/com.biometrics.BiometricsActivity]#3(BLAST Consumer)3](id:3f3000000006,api:4,p:1369,c:16176) cancelBuffer: BufferQueue has been abandoned
2025-12-11 01:34:00.535 16176-16334 BufferQueueProducer     com.rmst.biometrics                  E  [SurfaceView[com.rmst.biometrics/com.biometrics.BiometricsActivity]#3(BLAST Consumer)3](id:3f3000000006,api:4,p:1369,c:16176) cancelBuffer: BufferQueue has been abandoned
2025-12-11 01:34:00.629 16176-16252 UseCaseAttachState      com.rmst.biometrics                  D  Active and attached use case: [] for camera: 0
2025-12-11 01:34:00.632 16176-16252 DeferrableSurface       com.rmst.biometrics                  D  use count-1,  useCount=0 closed=true androidx.camera.core.SurfaceRequest$2@3461ac0
2025-12-11 01:34:00.633 16176-16252 DeferrableSurface       com.rmst.biometrics                  D  Surface no longer in use[total_surfaces=3, used_surfaces=2](androidx.camera.core.SurfaceRequest$2@3461ac0}
2025-12-11 01:34:00.633 16176-16252 DeferrableSurface       com.rmst.biometrics                  D  Surface terminated[total_surfaces=2, used_surfaces=2](androidx.camera.core.SurfaceRequest$2@3461ac0}
2025-12-11 01:34:00.634 16176-16252 DeferrableSurface       com.rmst.biometrics                  D  use count-1,  useCount=0 closed=true androidx.camera.core.impl.ImmediateSurface@166614a
2025-12-11 01:34:00.635 16176-16176 SurfaceViewImpl         com.rmst.biometrics                  D  Safe to release surface.
2025-12-11 01:34:00.635 16176-16252 DeferrableSurface       com.rmst.biometrics                  D  Surface no longer in use[total_surfaces=2, used_surfaces=1](androidx.camera.core.impl.ImmediateSurface@166614a}
2025-12-11 01:34:00.635 16176-16252 DeferrableSurface       com.rmst.biometrics                  D  Surface terminated[total_surfaces=1, used_surfaces=1](androidx.camera.core.impl.ImmediateSurface@166614a}
2025-12-11 01:34:00.635 16176-16252 DeferrableSurface       com.rmst.biometrics                  D  use count-1,  useCount=0 closed=true androidx.camera.core.impl.ImmediateSurface@2fa119f
2025-12-11 01:34:00.635 16176-16176 BufferQueueConsumer     com.rmst.biometrics                  D  [ImageReader-4064x3048f21m2-16176-2](id:3f3000000005,api:0,p:-1,c:16176) disconnect
2025-12-11 01:34:00.635 16176-16252 DeferrableSurface       com.rmst.biometrics                  D  Surface no longer in use[total_surfaces=1, used_surfaces=0](androidx.camera.core.impl.ImmediateSurface@2fa119f}
2025-12-11 01:34:00.636 16176-16252 DeferrableSurface       com.rmst.biometrics                  D  Surface terminated[total_surfaces=0, used_surfaces=0](androidx.camera.core.impl.ImmediateSurface@2fa119f}
2025-12-11 01:34:00.636 16176-16176 BufferQueueConsumer     com.rmst.biometrics                  D  [ImageReader-640x480f23m4-16176-0](id:3f3000000003,api:0,p:-1,c:16176) disconnect
2025-12-11 01:34:00.636 16176-16176 BufferQueueConsumer     com.rmst.biometrics                  D  [ImageReader-640x480f1m4-16176-1](id:3f3000000004,api:0,p:-1,c:16176) disconnect
2025-12-11 01:34:00.636 16176-16252 Camera2CameraImpl       com.rmst.biometrics                  D  {Camera@861c94[id=0]} CameraDevice.onClosed()
2025-12-11 01:34:00.637 16176-16252 Camera2CameraImpl       com.rmst.biometrics                  D  {Camera@861c94[id=0]} Transitioning camera internal state: CLOSING --> INITIALIZED
2025-12-11 01:34:00.638 16176-16252 CameraStateRegistry     com.rmst.biometrics                  D  Recalculating open cameras:
                                                                                                    Camera                                       State                 
                                                                                                    -------------------------------------------------------------------
                                                                                                    Camera@861c94[id=0]                          CLOSED                
                                                                                                    Camera@333eddf[id=1]                         UNKNOWN               
                                                                                                    -------------------------------------------------------------------
                                                                                                    Open count: 0 (Max allowed: 1)
2025-12-11 01:34:00.639 16176-16252 CameraStateMachine      com.rmst.biometrics                  D  New public camera state CameraState{type=CLOSED, error=null} from CLOSED and null
2025-12-11 01:34:00.639 16176-16252 CameraStateMachine      com.rmst.biometrics                  D  Publishing new public camera state CameraState{type=CLOSED, error=null}
